
A PostCSS plugin did not pass the `from` option to `postcss.parse`. This may cause imported assets to be incorrectly transformed. If you've recently added a PostCSS plugin that raised this warning, please contact the package author to fix the issue.
PayloadTooLargeError: request entity too large
    at readStream (C:\Subho syste,\ControlTester_3000_kv\kpmg_ui\node_modules\raw-body\index.js:163:17)
    at getRawBody (C:\Subho syste,\ControlTester_3000_kv\kpmg_ui\node_modules\raw-body\index.js:116:12)
    at read (C:\Subho syste,\ControlTester_3000_kv\kpmg_ui\node_modules\body-parser\lib\read.js:79:3)
    at jsonParser (C:\Subho syste,\ControlTester_3000_kv\kpmg_ui\node_modules\body-parser\lib\types\json.js:138:5)
    at Layer.handle [as handle_request] (C:\Subho syste,\ControlTester_3000_kv\kpmg_ui\node_modules\express\lib\router\layer.js:95:5)
    at trim_prefix (C:\Subho syste,\ControlTester_3000_kv\kpmg_ui\node_modules\express\lib\router\index.js:328:13)
    at C:\Subho syste,\ControlTester_3000_kv\kpmg_ui\node_modules\express\lib\router\index.js:286:9
    at router.process_params (C:\Subho syste,\ControlTester_3000_kv\kpmg_ui\node_modules\express\lib\router\index.js:346:12)
    at next (C:\Subho syste,\ControlTester_3000_kv\kpmg_ui\node_modules\express\lib\router\index.js:280:10)
    at expressInit (C:\Subho syste,\ControlTester_3000_kv\kpmg_ui\node_modules\express\lib\middleware\init.js:40:5)
    at Layer.handle [as handle_request] (C:\Subho syste,\ControlTester_3000_kv\kpmg_ui\node_modules\express\lib\router\layer.js:95:5)
    at trim_prefix (C:\Subho syste,\ControlTester_3000_kv\kpmg_ui\node_modules\express\lib\router\index.js:328:13)
    at C:\Subho syste,\ControlTester_3000_kv\kpmg_ui\node_modules\express\lib\router\index.js:286:9
    at router.process_params (C:\Subho syste,\ControlTester_3000_kv\kpmg_ui\node_modules\express\lib\router\index.js:346:12)
    at next (C:\Subho syste,\ControlTester_3000_kv\kpmg_ui\node_modules\express\lib\router\index.js:280:10)
    at query (C:\Subho syste,\ControlTester_3000_kv\kpmg_ui\node_modules\express\lib\middleware\query.js:45:5)
    at Layer.handle [as handle_request] (C:\Subho syste,\ControlTester_3000_kv\kpmg_ui\node_modules\express\lib\router\layer.js:95:5)
    at trim_prefix (C:\Subho syste,\ControlTester_3000_kv\kpmg_ui\node_modules\express\lib\router\index.js:328:13)
    at C:\Subho syste,\ControlTester_3000_kv\kpmg_ui\node_modules\express\lib\router\index.js:286:9
    at router.process_params (C:\Subho syste,\ControlTester_3000_kv\kpmg_ui\node_modules\express\lib\router\index.js:346:12)
    at next (C:\Subho syste,\ControlTester_3000_kv\kpmg_ui\node_modules\express\lib\router\index.js:280:10)
    at router.handle (C:\Subho syste,\ControlTester_3000_kv\kpmg_ui\node_modules\express\lib\router\index.js:175:3)
    at app.handle (C:\Subho syste,\ControlTester_3000_kv\kpmg_ui\node_modules\express\lib\application.js:181:10)
    at Server.app (C:\Subho syste,\ControlTester_3000_kv\kpmg_ui\node_modules\express\lib\express.js:39:9)
    at Server.emit (node:events:508:28)
    at parserOnIncoming (node:_http_server:1210:12)
    at HTTPParser.parserOnHeadersComplete (node:_http_common:125:17)
