[     315ms] [ERROR] Failed to load resource: the server responded with a status of 404 (Not Found) @ http://localhost:5000/api/document-uplift/cases:0
[10226155ms] [ERROR] Failed to load resource: net::ERR_NETWORK_IO_SUSPENDED @ http://localhost:5000/api/settings/system-status:0
[10238255ms] [ERROR] Failed to load resource: net::ERR_NETWORK_IO_SUSPENDED @ http://localhost:5000/api/settings/system-status:0
[10238256ms] [ERROR] Failed to load resource: net::ERR_NETWORK_IO_SUSPENDED @ http://localhost:5000/api/settings/system-status:0
[10238256ms] [ERROR] Failed to load resource: net::ERR_NETWORK_IO_SUSPENDED @ http://localhost:5000/api/settings/system-status:0
[10238256ms] [ERROR] Failed to load resource: net::ERR_NETWORK_IO_SUSPENDED @ http://localhost:5000/api/settings/system-status:0
[10238256ms] [ERROR] Failed to load resource: net::ERR_NETWORK_IO_SUSPENDED @ http://localhost:5000/api/settings/system-status:0
[10238257ms] [ERROR] Failed to load resource: net::ERR_NETWORK_IO_SUSPENDED @ http://localhost:5000/api/settings/system-status:0
[10238257ms] [ERROR] Failed to load resource: net::ERR_NETWORK_IO_SUSPENDED @ http://localhost:5000/api/settings/system-status:0
[10238257ms] [ERROR] Failed to load resource: net::ERR_NETWORK_IO_SUSPENDED @ http://localhost:5000/api/settings/system-status:0
[10238257ms] [ERROR] Failed to load resource: net::ERR_NETWORK_IO_SUSPENDED @ http://localhost:5000/api/settings/system-status:0
[10436403ms] [ERROR] Failed to load resource: net::ERR_NETWORK_IO_SUSPENDED @ http://localhost:5000/api/settings/system-status:0
[10436406ms] [ERROR] Failed to load resource: net::ERR_NETWORK_IO_SUSPENDED @ http://localhost:5000/api/settings/system-status:0
[10436406ms] [ERROR] Failed to load resource: net::ERR_NETWORK_IO_SUSPENDED @ http://localhost:5000/api/settings/system-status:0
[10436407ms] [ERROR] Failed to load resource: net::ERR_NETWORK_IO_SUSPENDED @ http://localhost:5000/api/settings/system-status:0
[10436407ms] [ERROR] Failed to load resource: net::ERR_NETWORK_IO_SUSPENDED @ http://localhost:5000/api/settings/system-status:0
[10436407ms] [ERROR] Failed to load resource: net::ERR_NETWORK_IO_SUSPENDED @ http://localhost:5000/api/settings/system-status:0
[10436407ms] [ERROR] Failed to load resource: net::ERR_NETWORK_IO_SUSPENDED @ http://localhost:5000/api/settings/system-status:0
[10646702ms] [ERROR] Failed to load resource: net::ERR_NETWORK_IO_SUSPENDED @ http://localhost:5000/api/settings/system-status:0
[10646705ms] [ERROR] Failed to load resource: net::ERR_NETWORK_IO_SUSPENDED @ http://localhost:5000/api/settings/system-status:0
[10646705ms] [ERROR] Failed to load resource: net::ERR_NETWORK_IO_SUSPENDED @ http://localhost:5000/api/settings/system-status:0
[10646705ms] [ERROR] Failed to load resource: net::ERR_NETWORK_IO_SUSPENDED @ http://localhost:5000/api/settings/system-status:0
[10646706ms] [ERROR] Failed to load resource: net::ERR_NETWORK_IO_SUSPENDED @ http://localhost:5000/api/settings/system-status:0
[10646706ms] [ERROR] Failed to load resource: net::ERR_NETWORK_IO_SUSPENDED @ http://localhost:5000/api/settings/system-status:0
[10646706ms] [ERROR] Failed to load resource: net::ERR_NETWORK_IO_SUSPENDED @ http://localhost:5000/api/settings/system-status:0
[11502671ms] [ERROR] Failed to load resource: net::ERR_NETWORK_IO_SUSPENDED @ http://localhost:5000/api/settings/system-status:0
[11502678ms] [ERROR] Failed to load resource: net::ERR_NETWORK_IO_SUSPENDED @ http://localhost:5000/api/settings/system-status:0
[11502678ms] [ERROR] Failed to load resource: net::ERR_NETWORK_IO_SUSPENDED @ http://localhost:5000/api/settings/system-status:0
[11502678ms] [ERROR] Failed to load resource: net::ERR_NETWORK_IO_SUSPENDED @ http://localhost:5000/api/settings/system-status:0
[11502678ms] [ERROR] Failed to load resource: net::ERR_NETWORK_IO_SUSPENDED @ http://localhost:5000/api/settings/system-status:0
[11502678ms] [ERROR] Failed to load resource: net::ERR_NETWORK_IO_SUSPENDED @ http://localhost:5000/api/settings/system-status:0
[11502678ms] [ERROR] Failed to load resource: net::ERR_NETWORK_IO_SUSPENDED @ http://localhost:5000/api/settings/system-status:0
[11502679ms] [ERROR] Failed to load resource: net::ERR_NETWORK_IO_SUSPENDED @ http://localhost:5000/api/settings/system-status:0
[11502679ms] [ERROR] Failed to load resource: net::ERR_NETWORK_IO_SUSPENDED @ http://localhost:5000/api/settings/system-status:0
[13282946ms] [ERROR] Failed to load resource: net::ERR_NETWORK_IO_SUSPENDED @ http://localhost:5000/api/settings/system-status:0
[13282992ms] [ERROR] Failed to load resource: net::ERR_NETWORK_IO_SUSPENDED @ http://localhost:5000/api/settings/system-status:0
[13282992ms] [ERROR] Failed to load resource: net::ERR_NETWORK_IO_SUSPENDED @ http://localhost:5000/api/settings/system-status:0
[13282992ms] [ERROR] Failed to load resource: net::ERR_NETWORK_IO_SUSPENDED @ http://localhost:5000/api/settings/system-status:0
[13282992ms] [ERROR] Failed to load resource: net::ERR_NETWORK_IO_SUSPENDED @ http://localhost:5000/api/settings/system-status:0
[13282992ms] [ERROR] Failed to load resource: net::ERR_NETWORK_IO_SUSPENDED @ http://localhost:5000/api/settings/system-status:0
[13282993ms] [ERROR] Failed to load resource: net::ERR_NETWORK_IO_SUSPENDED @ http://localhost:5000/api/settings/system-status:0
[13282993ms] [ERROR] Failed to load resource: net::ERR_NETWORK_IO_SUSPENDED @ http://localhost:5000/api/settings/system-status:0
[13282993ms] [ERROR] Failed to load resource: net::ERR_NETWORK_IO_SUSPENDED @ http://localhost:5000/api/settings/system-status:0
[13282993ms] [ERROR] Failed to load resource: net::ERR_NETWORK_IO_SUSPENDED @ http://localhost:5000/api/settings/system-status:0
[13282994ms] [ERROR] Failed to load resource: net::ERR_NETWORK_IO_SUSPENDED @ http://localhost:5000/api/settings/system-status:0
[13282994ms] [ERROR] Failed to load resource: net::ERR_NETWORK_IO_SUSPENDED @ http://localhost:5000/api/settings/system-status:0
[13282994ms] [ERROR] Failed to load resource: net::ERR_NETWORK_IO_SUSPENDED @ http://localhost:5000/api/settings/system-status:0
[13282994ms] [ERROR] Failed to load resource: net::ERR_NETWORK_IO_SUSPENDED @ http://localhost:5000/api/settings/system-status:0
[13282994ms] [ERROR] Failed to load resource: net::ERR_NETWORK_IO_SUSPENDED @ http://localhost:5000/api/settings/system-status:0
[13282994ms] [ERROR] Failed to load resource: net::ERR_NETWORK_IO_SUSPENDED @ http://localhost:5000/api/settings/system-status:0
[13282994ms] [ERROR] Failed to load resource: net::ERR_NETWORK_IO_SUSPENDED @ http://localhost:5000/api/settings/system-status:0
[13282994ms] [ERROR] Failed to load resource: net::ERR_NETWORK_IO_SUSPENDED @ http://localhost:5000/api/settings/system-status:0
[13282994ms] [ERROR] Failed to load resource: net::ERR_NETWORK_IO_SUSPENDED @ http://localhost:5000/api/settings/system-status:0
[13282994ms] [ERROR] Failed to load resource: net::ERR_NETWORK_IO_SUSPENDED @ http://localhost:5000/api/settings/system-status:0
[14240498ms] [ERROR] Failed to load resource: net::ERR_NETWORK_IO_SUSPENDED @ http://localhost:5000/api/settings/system-status:0
[14240501ms] [ERROR] Failed to load resource: net::ERR_NETWORK_IO_SUSPENDED @ http://localhost:5000/api/settings/system-status:0
[14240502ms] [ERROR] Failed to load resource: net::ERR_NETWORK_IO_SUSPENDED @ http://localhost:5000/api/settings/system-status:0
[14240502ms] [ERROR] Failed to load resource: net::ERR_NETWORK_IO_SUSPENDED @ http://localhost:5000/api/settings/system-status:0
[14240502ms] [ERROR] Failed to load resource: net::ERR_NETWORK_IO_SUSPENDED @ http://localhost:5000/api/settings/system-status:0
[14240503ms] [ERROR] Failed to load resource: net::ERR_NETWORK_IO_SUSPENDED @ http://localhost:5000/api/settings/system-status:0
[14240503ms] [ERROR] Failed to load resource: net::ERR_NETWORK_IO_SUSPENDED @ http://localhost:5000/api/settings/system-status:0
[14240503ms] [ERROR] Failed to load resource: net::ERR_NETWORK_IO_SUSPENDED @ http://localhost:5000/api/settings/system-status:0
[14240503ms] [ERROR] Failed to load resource: net::ERR_NETWORK_IO_SUSPENDED @ http://localhost:5000/api/settings/system-status:0
[14240503ms] [ERROR] Failed to load resource: net::ERR_NETWORK_IO_SUSPENDED @ http://localhost:5000/api/settings/system-status:0
[14240503ms] [ERROR] Failed to load resource: net::ERR_NETWORK_IO_SUSPENDED @ http://localhost:5000/api/settings/system-status:0
[14240504ms] [ERROR] Failed to load resource: net::ERR_NETWORK_IO_SUSPENDED @ http://localhost:5000/api/settings/system-status:0
[14240504ms] [ERROR] Failed to load resource: net::ERR_NETWORK_IO_SUSPENDED @ http://localhost:5000/api/settings/system-status:0
[14240504ms] [ERROR] Failed to load resource: net::ERR_NETWORK_IO_SUSPENDED @ http://localhost:5000/api/settings/system-status:0
[14240504ms] [ERROR] Failed to load resource: net::ERR_NETWORK_IO_SUSPENDED @ http://localhost:5000/api/settings/system-status:0
[14240504ms] [ERROR] Failed to load resource: net::ERR_NETWORK_IO_SUSPENDED @ http://localhost:5000/api/settings/system-status:0
[14240505ms] [ERROR] Failed to load resource: net::ERR_NETWORK_IO_SUSPENDED @ http://localhost:5000/api/settings/system-status:0
[14240506ms] [ERROR] Failed to load resource: net::ERR_NETWORK_IO_SUSPENDED @ http://localhost:5000/api/settings/system-status:0
[14240506ms] [ERROR] Failed to load resource: net::ERR_NETWORK_IO_SUSPENDED @ http://localhost:5000/api/settings/system-status:0
[14240506ms] [ERROR] Failed to load resource: net::ERR_NETWORK_IO_SUSPENDED @ http://localhost:5000/api/settings/system-status:0
[14240507ms] [ERROR] Failed to load resource: net::ERR_NETWORK_IO_SUSPENDED @ http://localhost:5000/api/settings/system-status:0
[14240508ms] [ERROR] Failed to load resource: net::ERR_NETWORK_IO_SUSPENDED @ http://localhost:5000/api/settings/system-status:0
[14240508ms] [ERROR] Failed to load resource: net::ERR_NETWORK_IO_SUSPENDED @ http://localhost:5000/api/settings/system-status:0
[14240508ms] [ERROR] Failed to load resource: net::ERR_NETWORK_IO_SUSPENDED @ http://localhost:5000/api/settings/system-status:0
[14240509ms] [ERROR] Failed to load resource: net::ERR_NETWORK_IO_SUSPENDED @ http://localhost:5000/api/settings/system-status:0
[14240509ms] [ERROR] Failed to load resource: net::ERR_NETWORK_IO_SUSPENDED @ http://localhost:5000/api/settings/system-status:0
[14240509ms] [ERROR] Failed to load resource: net::ERR_NETWORK_IO_SUSPENDED @ http://localhost:5000/api/settings/system-status:0
[14240509ms] [ERROR] Failed to load resource: net::ERR_NETWORK_IO_SUSPENDED @ http://localhost:5000/api/settings/system-status:0
[14240509ms] [ERROR] Failed to load resource: net::ERR_NETWORK_IO_SUSPENDED @ http://localhost:5000/api/settings/system-status:0
[14240509ms] [ERROR] Failed to load resource: net::ERR_NETWORK_IO_SUSPENDED @ http://localhost:5000/api/settings/system-status:0
[14240509ms] [ERROR] Failed to load resource: net::ERR_NETWORK_IO_SUSPENDED @ http://localhost:5000/api/settings/system-status:0
[14240509ms] [ERROR] Failed to load resource: net::ERR_NETWORK_IO_SUSPENDED @ http://localhost:5000/api/settings/system-status:0
[14240509ms] [ERROR] Failed to load resource: net::ERR_NETWORK_IO_SUSPENDED @ http://localhost:5000/api/settings/system-status:0
[14240509ms] [ERROR] Failed to load resource: net::ERR_NETWORK_IO_SUSPENDED @ http://localhost:5000/api/settings/system-status:0
[14240509ms] [ERROR] Failed to load resource: net::ERR_NETWORK_IO_SUSPENDED @ http://localhost:5000/api/settings/system-status:0
[14272719ms] [ERROR] Failed to load resource: net::ERR_CONNECTION_RESET @ http://localhost:5000/api/settings/system-status:0
[14300550ms] [ERROR] Failed to load resource: net::ERR_CONNECTION_RESET @ http://localhost:5000/api/settings/system-status:0
[14310544ms] [ERROR] Failed to load resource: net::ERR_CONNECTION_RESET @ http://localhost:5000/api/settings/system-status:0
[14340551ms] [ERROR] Failed to load resource: net::ERR_CONNECTION_RESET @ http://localhost:5000/api/settings/system-status:0
[14370566ms] [ERROR] Failed to load resource: net::ERR_CONNECTION_RESET @ http://localhost:5000/api/settings/system-status:0
[14400573ms] [ERROR] Failed to load resource: net::ERR_CONNECTION_RESET @ http://localhost:5000/api/settings/system-status:0
[14430582ms] [ERROR] Failed to load resource: net::ERR_CONNECTION_RESET @ http://localhost:5000/api/settings/system-status:0
[14439453ms] [ERROR] Failed to load resource: net::ERR_NETWORK_IO_SUSPENDED @ http://localhost:5000/api/settings/system-status:0
[14765305ms] [ERROR] Failed to load resource: net::ERR_CONNECTION_RESET @ http://localhost:5000/api/settings/system-status:0
[14795311ms] [ERROR] Failed to load resource: net::ERR_CONNECTION_RESET @ http://localhost:5000/api/settings/system-status:0
[14825325ms] [ERROR] Failed to load resource: net::ERR_CONNECTION_RESET @ http://localhost:5000/api/settings/system-status:0
[14855337ms] [ERROR] Failed to load resource: net::ERR_CONNECTION_RESET @ http://localhost:5000/api/settings/system-status:0
[14885343ms] [ERROR] Failed to load resource: net::ERR_CONNECTION_RESET @ http://localhost:5000/api/settings/system-status:0
[14915358ms] [ERROR] Failed to load resource: net::ERR_CONNECTION_RESET @ http://localhost:5000/api/settings/system-status:0
[14934768ms] [ERROR] Failed to load resource: net::ERR_NETWORK_IO_SUSPENDED @ http://localhost:5000/api/settings/system-status:0
[15176401ms] [ERROR] Failed to load resource: net::ERR_CONNECTION_RESET @ http://localhost:5000/api/settings/system-status:0
[15200568ms] [ERROR] Failed to load resource: net::ERR_CONNECTION_RESET @ http://localhost:5000/api/settings/system-status:0
[15210547ms] [ERROR] Failed to load resource: net::ERR_CONNECTION_RESET @ http://localhost:5000/api/settings/system-status:0
[15240554ms] [ERROR] Failed to load resource: net::ERR_CONNECTION_RESET @ http://localhost:5000/api/settings/system-status:0
[15270560ms] [ERROR] Failed to load resource: net::ERR_CONNECTION_RESET @ http://localhost:5000/api/settings/system-status:0
[15300568ms] [ERROR] Failed to load resource: net::ERR_CONNECTION_RESET @ http://localhost:5000/api/settings/system-status:0
[15330571ms] [ERROR] Failed to load resource: net::ERR_CONNECTION_RESET @ http://localhost:5000/api/settings/system-status:0
[15360578ms] [ERROR] Failed to load resource: net::ERR_CONNECTION_RESET @ http://localhost:5000/api/settings/system-status:0
[15390583ms] [ERROR] Failed to load resource: net::ERR_CONNECTION_RESET @ http://localhost:5000/api/settings/system-status:0
[15420597ms] [ERROR] Failed to load resource: net::ERR_CONNECTION_RESET @ http://localhost:5000/api/settings/system-status:0
[15450604ms] [ERROR] Failed to load resource: net::ERR_CONNECTION_RESET @ http://localhost:5000/api/settings/system-status:0
[15480617ms] [ERROR] Failed to load resource: net::ERR_CONNECTION_RESET @ http://localhost:5000/api/settings/system-status:0
[15510627ms] [ERROR] Failed to load resource: net::ERR_CONNECTION_RESET @ http://localhost:5000/api/settings/system-status:0
[15540639ms] [ERROR] Failed to load resource: net::ERR_CONNECTION_RESET @ http://localhost:5000/api/settings/system-status:0
[15570641ms] [ERROR] Failed to load resource: net::ERR_CONNECTION_RESET @ http://localhost:5000/api/settings/system-status:0
[15600658ms] [ERROR] Failed to load resource: net::ERR_CONNECTION_RESET @ http://localhost:5000/api/settings/system-status:0
[15615516ms] [ERROR] Failed to load resource: net::ERR_NETWORK_IO_SUSPENDED @ http://localhost:5000/api/settings/system-status:0
[16389695ms] [ERROR] Failed to load resource: net::ERR_CONNECTION_RESET @ http://localhost:5000/api/settings/system-status:0
[16419701ms] [ERROR] Failed to load resource: net::ERR_CONNECTION_RESET @ http://localhost:5000/api/settings/system-status:0
[16449712ms] [ERROR] Failed to load resource: net::ERR_CONNECTION_RESET @ http://localhost:5000/api/settings/system-status:0
[16479728ms] [ERROR] Failed to load resource: net::ERR_CONNECTION_RESET @ http://localhost:5000/api/settings/system-status:0
[16509745ms] [ERROR] Failed to load resource: net::ERR_CONNECTION_RESET @ http://localhost:5000/api/settings/system-status:0
[16539763ms] [ERROR] Failed to load resource: net::ERR_CONNECTION_RESET @ http://localhost:5000/api/settings/system-status:0
[16569766ms] [ERROR] Failed to load resource: net::ERR_CONNECTION_RESET @ http://localhost:5000/api/settings/system-status:0
[16599772ms] [ERROR] Failed to load resource: net::ERR_CONNECTION_RESET @ http://localhost:5000/api/settings/system-status:0
[16629785ms] [ERROR] Failed to load resource: net::ERR_CONNECTION_RESET @ http://localhost:5000/api/settings/system-status:0
[16659794ms] [ERROR] Failed to load resource: net::ERR_CONNECTION_RESET @ http://localhost:5000/api/settings/system-status:0
[16689800ms] [ERROR] Failed to load resource: net::ERR_CONNECTION_RESET @ http://localhost:5000/api/settings/system-status:0
[16719807ms] [ERROR] Failed to load resource: net::ERR_CONNECTION_RESET @ http://localhost:5000/api/settings/system-status:0
[16749813ms] [ERROR] Failed to load resource: net::ERR_CONNECTION_RESET @ http://localhost:5000/api/settings/system-status:0
[16752565ms] [ERROR] Failed to load resource: net::ERR_NETWORK_IO_SUSPENDED @ http://localhost:5000/api/settings/system-status:0
[18345513ms] [ERROR] Failed to load resource: net::ERR_CONNECTION_RESET @ http://localhost:5000/api/settings/system-status:0
[18375525ms] [ERROR] Failed to load resource: net::ERR_CONNECTION_RESET @ http://localhost:5000/api/settings/system-status:0
[18405531ms] [ERROR] Failed to load resource: net::ERR_CONNECTION_RESET @ http://localhost:5000/api/settings/system-status:0
[18435541ms] [ERROR] Failed to load resource: net::ERR_CONNECTION_RESET @ http://localhost:5000/api/settings/system-status:0
[18465550ms] [ERROR] Failed to load resource: net::ERR_CONNECTION_RESET @ http://localhost:5000/api/settings/system-status:0
[18495557ms] [ERROR] Failed to load resource: net::ERR_CONNECTION_RESET @ http://localhost:5000/api/settings/system-status:0
[18525574ms] [ERROR] Failed to load resource: net::ERR_CONNECTION_RESET @ http://localhost:5000/api/settings/system-status:0
[18555585ms] [ERROR] Failed to load resource: net::ERR_CONNECTION_RESET @ http://localhost:5000/api/settings/system-status:0
[18585589ms] [ERROR] Failed to load resource: net::ERR_CONNECTION_RESET @ http://localhost:5000/api/settings/system-status:0
[18615602ms] [ERROR] Failed to load resource: net::ERR_CONNECTION_RESET @ http://localhost:5000/api/settings/system-status:0
[18645615ms] [ERROR] Failed to load resource: net::ERR_CONNECTION_RESET @ http://localhost:5000/api/settings/system-status:0
[18675619ms] [ERROR] Failed to load resource: net::ERR_CONNECTION_RESET @ http://localhost:5000/api/settings/system-status:0
[18705631ms] [ERROR] Failed to load resource: net::ERR_CONNECTION_RESET @ http://localhost:5000/api/settings/system-status:0
[18735636ms] [ERROR] Failed to load resource: net::ERR_CONNECTION_RESET @ http://localhost:5000/api/settings/system-status:0
[18765643ms] [ERROR] Failed to load resource: net::ERR_CONNECTION_RESET @ http://localhost:5000/api/settings/system-status:0
[18795657ms] [ERROR] Failed to load resource: net::ERR_CONNECTION_RESET @ http://localhost:5000/api/settings/system-status:0
[18825675ms] [ERROR] Failed to load resource: net::ERR_CONNECTION_RESET @ http://localhost:5000/api/settings/system-status:0
[18855678ms] [ERROR] Failed to load resource: net::ERR_CONNECTION_RESET @ http://localhost:5000/api/settings/system-status:0
[18885694ms] [ERROR] Failed to load resource: net::ERR_CONNECTION_RESET @ http://localhost:5000/api/settings/system-status:0
[18915707ms] [ERROR] Failed to load resource: net::ERR_CONNECTION_RESET @ http://localhost:5000/api/settings/system-status:0
[18945722ms] [ERROR] Failed to load resource: net::ERR_CONNECTION_RESET @ http://localhost:5000/api/settings/system-status:0
[18975731ms] [ERROR] Failed to load resource: net::ERR_CONNECTION_RESET @ http://localhost:5000/api/settings/system-status:0
[19005738ms] [ERROR] Failed to load resource: net::ERR_CONNECTION_RESET @ http://localhost:5000/api/settings/system-status:0
[19035742ms] [ERROR] Failed to load resource: net::ERR_CONNECTION_RESET @ http://localhost:5000/api/settings/system-status:0
[19065750ms] [ERROR] Failed to load resource: net::ERR_CONNECTION_RESET @ http://localhost:5000/api/settings/system-status:0
[19095754ms] [ERROR] Failed to load resource: net::ERR_CONNECTION_RESET @ http://localhost:5000/api/settings/system-status:0
[19125761ms] [ERROR] Failed to load resource: net::ERR_CONNECTION_RESET @ http://localhost:5000/api/settings/system-status:0
[19155773ms] [ERROR] Failed to load resource: net::ERR_CONNECTION_RESET @ http://localhost:5000/api/settings/system-status:0
[19185781ms] [ERROR] Failed to load resource: net::ERR_CONNECTION_RESET @ http://localhost:5000/api/settings/system-status:0
[19203371ms] [ERROR] Failed to load resource: net::ERR_NETWORK_IO_SUSPENDED @ http://localhost:5000/api/settings/system-status:0
[19203371ms] [ERROR] Failed to load resource: net::ERR_NETWORK_IO_SUSPENDED @ http://localhost:5000/api/settings/system-status:0
[19388232ms] [ERROR] Failed to load resource: net::ERR_CONNECTION_RESET @ http://localhost:5000/api/settings/system-status:0
[19418243ms] [ERROR] Failed to load resource: net::ERR_CONNECTION_RESET @ http://localhost:5000/api/settings/system-status:0
[19448250ms] [ERROR] Failed to load resource: net::ERR_CONNECTION_RESET @ http://localhost:5000/api/settings/system-status:0
[19478253ms] [ERROR] Failed to load resource: net::ERR_CONNECTION_RESET @ http://localhost:5000/api/settings/system-status:0
[19508260ms] [ERROR] Failed to load resource: net::ERR_CONNECTION_RESET @ http://localhost:5000/api/settings/system-status:0
[19538276ms] [ERROR] Failed to load resource: net::ERR_CONNECTION_RESET @ http://localhost:5000/api/settings/system-status:0
[19568291ms] [ERROR] Failed to load resource: net::ERR_CONNECTION_RESET @ http://localhost:5000/api/settings/system-status:0
[19598305ms] [ERROR] Failed to load resource: net::ERR_CONNECTION_RESET @ http://localhost:5000/api/settings/system-status:0
[19628319ms] [ERROR] Failed to load resource: net::ERR_CONNECTION_RESET @ http://localhost:5000/api/settings/system-status:0
[19658321ms] [ERROR] Failed to load resource: net::ERR_CONNECTION_RESET @ http://localhost:5000/api/settings/system-status:0
[19688333ms] [ERROR] Failed to load resource: net::ERR_CONNECTION_RESET @ http://localhost:5000/api/settings/system-status:0
[19718349ms] [ERROR] Failed to load resource: net::ERR_CONNECTION_RESET @ http://localhost:5000/api/settings/system-status:0
[19748360ms] [ERROR] Failed to load resource: net::ERR_CONNECTION_RESET @ http://localhost:5000/api/settings/system-status:0
[19778375ms] [ERROR] Failed to load resource: net::ERR_CONNECTION_RESET @ http://localhost:5000/api/settings/system-status:0
[19808381ms] [ERROR] Failed to load resource: net::ERR_CONNECTION_RESET @ http://localhost:5000/api/settings/system-status:0
[19838387ms] [ERROR] Failed to load resource: net::ERR_CONNECTION_RESET @ http://localhost:5000/api/settings/system-status:0
[19868395ms] [ERROR] Failed to load resource: net::ERR_CONNECTION_RESET @ http://localhost:5000/api/settings/system-status:0
[19898396ms] [ERROR] Failed to load resource: net::ERR_CONNECTION_RESET @ http://localhost:5000/api/settings/system-status:0
[19928406ms] [ERROR] Failed to load resource: net::ERR_CONNECTION_RESET @ http://localhost:5000/api/settings/system-status:0
[19958415ms] [ERROR] Failed to load resource: net::ERR_CONNECTION_RESET @ http://localhost:5000/api/settings/system-status:0
[19988428ms] [ERROR] Failed to load resource: net::ERR_CONNECTION_RESET @ http://localhost:5000/api/settings/system-status:0
[20018434ms] [ERROR] Failed to load resource: net::ERR_CONNECTION_RESET @ http://localhost:5000/api/settings/system-status:0
[20048441ms] [ERROR] Failed to load resource: net::ERR_CONNECTION_RESET @ http://localhost:5000/api/settings/system-status:0
[20078450ms] [ERROR] Failed to load resource: net::ERR_CONNECTION_RESET @ http://localhost:5000/api/settings/system-status:0
[20108464ms] [ERROR] Failed to load resource: net::ERR_CONNECTION_RESET @ http://localhost:5000/api/settings/system-status:0
[20138475ms] [ERROR] Failed to load resource: net::ERR_CONNECTION_RESET @ http://localhost:5000/api/settings/system-status:0
[20168483ms] [ERROR] Failed to load resource: net::ERR_CONNECTION_RESET @ http://localhost:5000/api/settings/system-status:0
[20198495ms] [ERROR] Failed to load resource: net::ERR_CONNECTION_RESET @ http://localhost:5000/api/settings/system-status:0
[20228504ms] [ERROR] Failed to load resource: net::ERR_CONNECTION_RESET @ http://localhost:5000/api/settings/system-status:0
[20258513ms] [ERROR] Failed to load resource: net::ERR_CONNECTION_RESET @ http://localhost:5000/api/settings/system-status:0
[20288517ms] [ERROR] Failed to load resource: net::ERR_CONNECTION_RESET @ http://localhost:5000/api/settings/system-status:0
[20318549ms] [ERROR] Failed to load resource: net::ERR_CONNECTION_RESET @ http://localhost:5000/api/settings/system-status:0
[20348558ms] [ERROR] Failed to load resource: net::ERR_CONNECTION_RESET @ http://localhost:5000/api/settings/system-status:0
[20378568ms] [ERROR] Failed to load resource: net::ERR_CONNECTION_RESET @ http://localhost:5000/api/settings/system-status:0
[20408583ms] [ERROR] Failed to load resource: net::ERR_CONNECTION_RESET @ http://localhost:5000/api/settings/system-status:0
[20438586ms] [ERROR] Failed to load resource: net::ERR_CONNECTION_RESET @ http://localhost:5000/api/settings/system-status:0
[20468601ms] [ERROR] Failed to load resource: net::ERR_CONNECTION_RESET @ http://localhost:5000/api/settings/system-status:0
[20498618ms] [ERROR] Failed to load resource: net::ERR_CONNECTION_RESET @ http://localhost:5000/api/settings/system-status:0
[20528626ms] [ERROR] Failed to load resource: net::ERR_CONNECTION_RESET @ http://localhost:5000/api/settings/system-status:0
[20558644ms] [ERROR] Failed to load resource: net::ERR_CONNECTION_RESET @ http://localhost:5000/api/settings/system-status:0
[20588651ms] [ERROR] Failed to load resource: net::ERR_CONNECTION_RESET @ http://localhost:5000/api/settings/system-status:0
[20618669ms] [ERROR] Failed to load resource: net::ERR_CONNECTION_RESET @ http://localhost:5000/api/settings/system-status:0
[20648683ms] [ERROR] Failed to load resource: net::ERR_CONNECTION_RESET @ http://localhost:5000/api/settings/system-status:0
[20678699ms] [ERROR] Failed to load resource: net::ERR_CONNECTION_RESET @ http://localhost:5000/api/settings/system-status:0
[20708710ms] [ERROR] Failed to load resource: net::ERR_CONNECTION_RESET @ http://localhost:5000/api/settings/system-status:0
[20738727ms] [ERROR] Failed to load resource: net::ERR_CONNECTION_RESET @ http://localhost:5000/api/settings/system-status:0
[20768741ms] [ERROR] Failed to load resource: net::ERR_CONNECTION_RESET @ http://localhost:5000/api/settings/system-status:0
[20798758ms] [ERROR] Failed to load resource: net::ERR_CONNECTION_RESET @ http://localhost:5000/api/settings/system-status:0
[20828775ms] [ERROR] Failed to load resource: net::ERR_CONNECTION_RESET @ http://localhost:5000/api/settings/system-status:0
[20858786ms] [ERROR] Failed to load resource: net::ERR_CONNECTION_RESET @ http://localhost:5000/api/settings/system-status:0
[20888798ms] [ERROR] Failed to load resource: net::ERR_CONNECTION_RESET @ http://localhost:5000/api/settings/system-status:0
[20918809ms] [ERROR] Failed to load resource: net::ERR_CONNECTION_RESET @ http://localhost:5000/api/settings/system-status:0
[20948816ms] [ERROR] Failed to load resource: net::ERR_CONNECTION_RESET @ http://localhost:5000/api/settings/system-status:0
[20978820ms] [ERROR] Failed to load resource: net::ERR_CONNECTION_RESET @ http://localhost:5000/api/settings/system-status:0
[21008828ms] [ERROR] Failed to load resource: net::ERR_CONNECTION_RESET @ http://localhost:5000/api/settings/system-status:0
[21038832ms] [ERROR] Failed to load resource: net::ERR_CONNECTION_RESET @ http://localhost:5000/api/settings/system-status:0
[21068845ms] [ERROR] Failed to load resource: net::ERR_CONNECTION_RESET @ http://localhost:5000/api/settings/system-status:0
[21098847ms] [ERROR] Failed to load resource: net::ERR_CONNECTION_RESET @ http://localhost:5000/api/settings/system-status:0
[21128862ms] [ERROR] Failed to load resource: net::ERR_CONNECTION_RESET @ http://localhost:5000/api/settings/system-status:0
[21158877ms] [ERROR] Failed to load resource: net::ERR_CONNECTION_RESET @ http://localhost:5000/api/settings/system-status:0
[21188888ms] [ERROR] Failed to load resource: net::ERR_CONNECTION_RESET @ http://localhost:5000/api/settings/system-status:0
[21218904ms] [ERROR] Failed to load resource: net::ERR_CONNECTION_RESET @ http://localhost:5000/api/settings/system-status:0
[21248921ms] [ERROR] Failed to load resource: net::ERR_CONNECTION_RESET @ http://localhost:5000/api/settings/system-status:0
[21278936ms] [ERROR] Failed to load resource: net::ERR_CONNECTION_RESET @ http://localhost:5000/api/settings/system-status:0
[21308950ms] [ERROR] Failed to load resource: net::ERR_CONNECTION_RESET @ http://localhost:5000/api/settings/system-status:0
[21338961ms] [ERROR] Failed to load resource: net::ERR_CONNECTION_RESET @ http://localhost:5000/api/settings/system-status:0
[21368977ms] [ERROR] Failed to load resource: net::ERR_CONNECTION_RESET @ http://localhost:5000/api/settings/system-status:0
[21398994ms] [ERROR] Failed to load resource: net::ERR_CONNECTION_RESET @ http://localhost:5000/api/settings/system-status:0
[21429000ms] [ERROR] Failed to load resource: net::ERR_CONNECTION_RESET @ http://localhost:5000/api/settings/system-status:0
[21459009ms] [ERROR] Failed to load resource: net::ERR_CONNECTION_RESET @ http://localhost:5000/api/settings/system-status:0
[21489020ms] [ERROR] Failed to load resource: net::ERR_CONNECTION_RESET @ http://localhost:5000/api/settings/system-status:0
[21519047ms] [ERROR] Failed to load resource: net::ERR_CONNECTION_RESET @ http://localhost:5000/api/settings/system-status:0
[21549057ms] [ERROR] Failed to load resource: net::ERR_CONNECTION_RESET @ http://localhost:5000/api/settings/system-status:0
[21579074ms] [ERROR] Failed to load resource: net::ERR_CONNECTION_RESET @ http://localhost:5000/api/settings/system-status:0
[21609087ms] [ERROR] Failed to load resource: net::ERR_CONNECTION_RESET @ http://localhost:5000/api/settings/system-status:0
[21639098ms] [ERROR] Failed to load resource: net::ERR_CONNECTION_RESET @ http://localhost:5000/api/settings/system-status:0
[21669111ms] [ERROR] Failed to load resource: net::ERR_CONNECTION_RESET @ http://localhost:5000/api/settings/system-status:0
[21699115ms] [ERROR] Failed to load resource: net::ERR_CONNECTION_RESET @ http://localhost:5000/api/settings/system-status:0
[21729121ms] [ERROR] Failed to load resource: net::ERR_CONNECTION_RESET @ http://localhost:5000/api/settings/system-status:0
[21759124ms] [ERROR] Failed to load resource: net::ERR_CONNECTION_RESET @ http://localhost:5000/api/settings/system-status:0
[21789131ms] [ERROR] Failed to load resource: net::ERR_CONNECTION_RESET @ http://localhost:5000/api/settings/system-status:0
[21819138ms] [ERROR] Failed to load resource: net::ERR_CONNECTION_RESET @ http://localhost:5000/api/settings/system-status:0
[21849147ms] [ERROR] Failed to load resource: net::ERR_CONNECTION_RESET @ http://localhost:5000/api/settings/system-status:0
[21879159ms] [ERROR] Failed to load resource: net::ERR_CONNECTION_RESET @ http://localhost:5000/api/settings/system-status:0
[21909172ms] [ERROR] Failed to load resource: net::ERR_CONNECTION_RESET @ http://localhost:5000/api/settings/system-status:0
[21939176ms] [ERROR] Failed to load resource: net::ERR_CONNECTION_RESET @ http://localhost:5000/api/settings/system-status:0
[21969182ms] [ERROR] Failed to load resource: net::ERR_CONNECTION_RESET @ http://localhost:5000/api/settings/system-status:0
[21999200ms] [ERROR] Failed to load resource: net::ERR_CONNECTION_RESET @ http://localhost:5000/api/settings/system-status:0
[22029209ms] [ERROR] Failed to load resource: net::ERR_CONNECTION_RESET @ http://localhost:5000/api/settings/system-status:0
[22059214ms] [ERROR] Failed to load resource: net::ERR_CONNECTION_RESET @ http://localhost:5000/api/settings/system-status:0
[22089218ms] [ERROR] Failed to load resource: net::ERR_CONNECTION_RESET @ http://localhost:5000/api/settings/system-status:0
[22119228ms] [ERROR] Failed to load resource: net::ERR_CONNECTION_RESET @ http://localhost:5000/api/settings/system-status:0
[22136249ms] [ERROR] Failed to load resource: net::ERR_NETWORK_IO_SUSPENDED @ http://localhost:5000/api/settings/system-status:0
[22641984ms] [ERROR] Failed to load resource: net::ERR_CONNECTION_RESET @ http://localhost:5000/api/settings/system-status:0
[22670552ms] [ERROR] Failed to load resource: net::ERR_CONNECTION_RESET @ http://localhost:5000/api/settings/system-status:0
[22680548ms] [ERROR] Failed to load resource: net::ERR_CONNECTION_RESET @ http://localhost:5000/api/settings/system-status:0
[22710562ms] [ERROR] Failed to load resource: net::ERR_CONNECTION_RESET @ http://localhost:5000/api/settings/system-status:0
[22740566ms] [ERROR] Failed to load resource: net::ERR_CONNECTION_RESET @ http://localhost:5000/api/settings/system-status:0
[22770573ms] [ERROR] Failed to load resource: net::ERR_CONNECTION_RESET @ http://localhost:5000/api/settings/system-status:0
[22800579ms] [ERROR] Failed to load resource: net::ERR_CONNECTION_RESET @ http://localhost:5000/api/settings/system-status:0
[22830592ms] [ERROR] Failed to load resource: net::ERR_CONNECTION_RESET @ http://localhost:5000/api/settings/system-status:0
[22860598ms] [ERROR] Failed to load resource: net::ERR_CONNECTION_RESET @ http://localhost:5000/api/settings/system-status:0
[59430778ms] [ERROR] Failed to load resource: net::ERR_NETWORK_CHANGED @ http://localhost:5000/api/settings/system-status:0
[59495392ms] [ERROR] Failed to load resource: net::ERR_CONNECTION_REFUSED @ http://localhost:5000/api/settings/system-status:0
[59525388ms] [ERROR] Failed to load resource: net::ERR_CONNECTION_REFUSED @ http://localhost:5000/api/settings/system-status:0
[59555390ms] [ERROR] Failed to load resource: net::ERR_CONNECTION_REFUSED @ http://localhost:5000/api/settings/system-status:0
[59585392ms] [ERROR] Failed to load resource: net::ERR_CONNECTION_REFUSED @ http://localhost:5000/api/settings/system-status:0
[59615375ms] [ERROR] Failed to load resource: net::ERR_CONNECTION_REFUSED @ http://localhost:5000/api/settings/system-status:0
[59645402ms] [ERROR] Failed to load resource: net::ERR_CONNECTION_REFUSED @ http://localhost:5000/api/settings/system-status:0
[59675381ms] [ERROR] Failed to load resource: net::ERR_CONNECTION_REFUSED @ http://localhost:5000/api/settings/system-status:0
[59705387ms] [ERROR] Failed to load resource: net::ERR_CONNECTION_REFUSED @ http://localhost:5000/api/settings/system-status:0
[59735383ms] [ERROR] Failed to load resource: net::ERR_CONNECTION_REFUSED @ http://localhost:5000/api/settings/system-status:0
[59765381ms] [ERROR] Failed to load resource: net::ERR_CONNECTION_REFUSED @ http://localhost:5000/api/settings/system-status:0
[59795382ms] [ERROR] Failed to load resource: net::ERR_CONNECTION_REFUSED @ http://localhost:5000/api/settings/system-status:0
[59825378ms] [ERROR] Failed to load resource: net::ERR_CONNECTION_REFUSED @ http://localhost:5000/api/settings/system-status:0
[59855393ms] [ERROR] Failed to load resource: net::ERR_CONNECTION_REFUSED @ http://localhost:5000/api/settings/system-status:0
[59885393ms] [ERROR] Failed to load resource: net::ERR_CONNECTION_REFUSED @ http://localhost:5000/api/settings/system-status:0
[59915402ms] [ERROR] Failed to load resource: net::ERR_CONNECTION_REFUSED @ http://localhost:5000/api/settings/system-status:0
[59945397ms] [ERROR] Failed to load resource: net::ERR_CONNECTION_REFUSED @ http://localhost:5000/api/settings/system-status:0
[59975409ms] [ERROR] Failed to load resource: net::ERR_CONNECTION_REFUSED @ http://localhost:5000/api/settings/system-status:0
[60005417ms] [ERROR] Failed to load resource: net::ERR_CONNECTION_REFUSED @ http://localhost:5000/api/settings/system-status:0
[60035401ms] [ERROR] Failed to load resource: net::ERR_CONNECTION_REFUSED @ http://localhost:5000/api/settings/system-status:0
[60065399ms] [ERROR] Failed to load resource: net::ERR_CONNECTION_REFUSED @ http://localhost:5000/api/settings/system-status:0
[60095406ms] [ERROR] Failed to load resource: net::ERR_CONNECTION_REFUSED @ http://localhost:5000/api/settings/system-status:0
[60125405ms] [ERROR] Failed to load resource: net::ERR_CONNECTION_REFUSED @ http://localhost:5000/api/settings/system-status:0
[60155396ms] [ERROR] Failed to load resource: net::ERR_CONNECTION_REFUSED @ http://localhost:5000/api/settings/system-status:0
[60185399ms] [ERROR] Failed to load resource: net::ERR_CONNECTION_REFUSED @ http://localhost:5000/api/settings/system-status:0
[60215405ms] [ERROR] Failed to load resource: net::ERR_CONNECTION_REFUSED @ http://localhost:5000/api/settings/system-status:0
[60245396ms] [ERROR] Failed to load resource: net::ERR_CONNECTION_REFUSED @ http://localhost:5000/api/settings/system-status:0
[60275390ms] [ERROR] Failed to load resource: net::ERR_CONNECTION_REFUSED @ http://localhost:5000/api/settings/system-status:0
[60305398ms] [ERROR] Failed to load resource: net::ERR_CONNECTION_REFUSED @ http://localhost:5000/api/settings/system-status:0
[60335403ms] [ERROR] Failed to load resource: net::ERR_CONNECTION_REFUSED @ http://localhost:5000/api/settings/system-status:0
[60365396ms] [ERROR] Failed to load resource: net::ERR_CONNECTION_REFUSED @ http://localhost:5000/api/settings/system-status:0
[60395399ms] [ERROR] Failed to load resource: net::ERR_CONNECTION_REFUSED @ http://localhost:5000/api/settings/system-status:0
[60425397ms] [ERROR] Failed to load resource: net::ERR_CONNECTION_REFUSED @ http://localhost:5000/api/settings/system-status:0
[60455387ms] [ERROR] Failed to load resource: net::ERR_CONNECTION_REFUSED @ http://localhost:5000/api/settings/system-status:0
[60485399ms] [ERROR] Failed to load resource: net::ERR_CONNECTION_REFUSED @ http://localhost:5000/api/settings/system-status:0
[60515433ms] [ERROR] Failed to load resource: net::ERR_CONNECTION_REFUSED @ http://localhost:5000/api/settings/system-status:0
[60545389ms] [ERROR] Failed to load resource: net::ERR_CONNECTION_REFUSED @ http://localhost:5000/api/settings/system-status:0
[60575397ms] [ERROR] Failed to load resource: net::ERR_CONNECTION_REFUSED @ http://localhost:5000/api/settings/system-status:0
[60605397ms] [ERROR] Failed to load resource: net::ERR_CONNECTION_REFUSED @ http://localhost:5000/api/settings/system-status:0
[60635396ms] [ERROR] Failed to load resource: net::ERR_CONNECTION_REFUSED @ http://localhost:5000/api/settings/system-status:0
[60665410ms] [ERROR] Failed to load resource: net::ERR_CONNECTION_REFUSED @ http://localhost:5000/api/settings/system-status:0
[60695394ms] [ERROR] Failed to load resource: net::ERR_CONNECTION_REFUSED @ http://localhost:5000/api/settings/system-status:0
[60725367ms] [ERROR] Failed to load resource: net::ERR_CONNECTION_REFUSED @ http://localhost:5000/api/settings/system-status:0
[60755383ms] [ERROR] Failed to load resource: net::ERR_CONNECTION_REFUSED @ http://localhost:5000/api/settings/system-status:0
[60785407ms] [ERROR] Failed to load resource: net::ERR_CONNECTION_REFUSED @ http://localhost:5000/api/settings/system-status:0
[60815401ms] [ERROR] Failed to load resource: net::ERR_CONNECTION_REFUSED @ http://localhost:5000/api/settings/system-status:0
[60845406ms] [ERROR] Failed to load resource: net::ERR_CONNECTION_REFUSED @ http://localhost:5000/api/settings/system-status:0
[60875407ms] [ERROR] Failed to load resource: net::ERR_CONNECTION_REFUSED @ http://localhost:5000/api/settings/system-status:0
[60905405ms] [ERROR] Failed to load resource: net::ERR_CONNECTION_REFUSED @ http://localhost:5000/api/settings/system-status:0
[60935385ms] [ERROR] Failed to load resource: net::ERR_CONNECTION_REFUSED @ http://localhost:5000/api/settings/system-status:0
[60965403ms] [ERROR] Failed to load resource: net::ERR_CONNECTION_REFUSED @ http://localhost:5000/api/settings/system-status:0
[60995399ms] [ERROR] Failed to load resource: net::ERR_CONNECTION_REFUSED @ http://localhost:5000/api/settings/system-status:0
[61025397ms] [ERROR] Failed to load resource: net::ERR_CONNECTION_REFUSED @ http://localhost:5000/api/settings/system-status:0
[61055386ms] [ERROR] Failed to load resource: net::ERR_CONNECTION_REFUSED @ http://localhost:5000/api/settings/system-status:0
[61085405ms] [ERROR] Failed to load resource: net::ERR_CONNECTION_REFUSED @ http://localhost:5000/api/settings/system-status:0
[61115412ms] [ERROR] Failed to load resource: net::ERR_CONNECTION_REFUSED @ http://localhost:5000/api/settings/system-status:0
[61145398ms] [ERROR] Failed to load resource: net::ERR_CONNECTION_REFUSED @ http://localhost:5000/api/settings/system-status:0
[61175397ms] [ERROR] Failed to load resource: net::ERR_CONNECTION_REFUSED @ http://localhost:5000/api/settings/system-status:0
[61205391ms] [ERROR] Failed to load resource: net::ERR_CONNECTION_REFUSED @ http://localhost:5000/api/settings/system-status:0
[61235417ms] [ERROR] Failed to load resource: net::ERR_CONNECTION_REFUSED @ http://localhost:5000/api/settings/system-status:0
[61265402ms] [ERROR] Failed to load resource: net::ERR_CONNECTION_REFUSED @ http://localhost:5000/api/settings/system-status:0
[61295387ms] [ERROR] Failed to load resource: net::ERR_CONNECTION_REFUSED @ http://localhost:5000/api/settings/system-status:0
[61325387ms] [ERROR] Failed to load resource: net::ERR_CONNECTION_REFUSED @ http://localhost:5000/api/settings/system-status:0
[61355400ms] [ERROR] Failed to load resource: net::ERR_CONNECTION_REFUSED @ http://localhost:5000/api/settings/system-status:0
[61385403ms] [ERROR] Failed to load resource: net::ERR_CONNECTION_REFUSED @ http://localhost:5000/api/settings/system-status:0
[61415396ms] [ERROR] Failed to load resource: net::ERR_CONNECTION_REFUSED @ http://localhost:5000/api/settings/system-status:0
[61445411ms] [ERROR] Failed to load resource: net::ERR_CONNECTION_REFUSED @ http://localhost:5000/api/settings/system-status:0
[61475415ms] [ERROR] Failed to load resource: net::ERR_CONNECTION_REFUSED @ http://localhost:5000/api/settings/system-status:0
[61505411ms] [ERROR] Failed to load resource: net::ERR_CONNECTION_REFUSED @ http://localhost:5000/api/settings/system-status:0
[61535381ms] [ERROR] Failed to load resource: net::ERR_CONNECTION_REFUSED @ http://localhost:5000/api/settings/system-status:0
[61565413ms] [ERROR] Failed to load resource: net::ERR_CONNECTION_REFUSED @ http://localhost:5000/api/settings/system-status:0
[61595380ms] [ERROR] Failed to load resource: net::ERR_CONNECTION_REFUSED @ http://localhost:5000/api/settings/system-status:0
[61625411ms] [ERROR] Failed to load resource: net::ERR_CONNECTION_REFUSED @ http://localhost:5000/api/settings/system-status:0
[61655406ms] [ERROR] Failed to load resource: net::ERR_CONNECTION_REFUSED @ http://localhost:5000/api/settings/system-status:0
[61685401ms] [ERROR] Failed to load resource: net::ERR_CONNECTION_REFUSED @ http://localhost:5000/api/settings/system-status:0
[61715395ms] [ERROR] Failed to load resource: net::ERR_CONNECTION_REFUSED @ http://localhost:5000/api/settings/system-status:0
[61745398ms] [ERROR] Failed to load resource: net::ERR_CONNECTION_REFUSED @ http://localhost:5000/api/settings/system-status:0
[61775392ms] [ERROR] Failed to load resource: net::ERR_CONNECTION_REFUSED @ http://localhost:5000/api/settings/system-status:0
[61805406ms] [ERROR] Failed to load resource: net::ERR_CONNECTION_REFUSED @ http://localhost:5000/api/settings/system-status:0
[61835385ms] [ERROR] Failed to load resource: net::ERR_CONNECTION_REFUSED @ http://localhost:5000/api/settings/system-status:0
[61865409ms] [ERROR] Failed to load resource: net::ERR_CONNECTION_REFUSED @ http://localhost:5000/api/settings/system-status:0
[61895408ms] [ERROR] Failed to load resource: net::ERR_CONNECTION_REFUSED @ http://localhost:5000/api/settings/system-status:0
[61925415ms] [ERROR] Failed to load resource: net::ERR_CONNECTION_REFUSED @ http://localhost:5000/api/settings/system-status:0
[61955377ms] [ERROR] Failed to load resource: net::ERR_CONNECTION_REFUSED @ http://localhost:5000/api/settings/system-status:0
[61985410ms] [ERROR] Failed to load resource: net::ERR_CONNECTION_REFUSED @ http://localhost:5000/api/settings/system-status:0
[62015386ms] [ERROR] Failed to load resource: net::ERR_CONNECTION_REFUSED @ http://localhost:5000/api/settings/system-status:0
[62045410ms] [ERROR] Failed to load resource: net::ERR_CONNECTION_REFUSED @ http://localhost:5000/api/settings/system-status:0
[62075402ms] [ERROR] Failed to load resource: net::ERR_CONNECTION_REFUSED @ http://localhost:5000/api/settings/system-status:0
[62105402ms] [ERROR] Failed to load resource: net::ERR_CONNECTION_REFUSED @ http://localhost:5000/api/settings/system-status:0
[62135396ms] [ERROR] Failed to load resource: net::ERR_CONNECTION_REFUSED @ http://localhost:5000/api/settings/system-status:0
[62165395ms] [ERROR] Failed to load resource: net::ERR_CONNECTION_REFUSED @ http://localhost:5000/api/settings/system-status:0
[62195410ms] [ERROR] Failed to load resource: net::ERR_CONNECTION_REFUSED @ http://localhost:5000/api/settings/system-status:0
[62225399ms] [ERROR] Failed to load resource: net::ERR_CONNECTION_REFUSED @ http://localhost:5000/api/settings/system-status:0
[62255379ms] [ERROR] Failed to load resource: net::ERR_CONNECTION_REFUSED @ http://localhost:5000/api/settings/system-status:0
[62285402ms] [ERROR] Failed to load resource: net::ERR_CONNECTION_REFUSED @ http://localhost:5000/api/settings/system-status:0
[62315410ms] [ERROR] Failed to load resource: net::ERR_CONNECTION_REFUSED @ http://localhost:5000/api/settings/system-status:0
[62345420ms] [ERROR] Failed to load resource: net::ERR_CONNECTION_REFUSED @ http://localhost:5000/api/settings/system-status:0
[62375401ms] [ERROR] Failed to load resource: net::ERR_CONNECTION_REFUSED @ http://localhost:5000/api/settings/system-status:0
[62405405ms] [ERROR] Failed to load resource: net::ERR_CONNECTION_REFUSED @ http://localhost:5000/api/settings/system-status:0
[62435395ms] [ERROR] Failed to load resource: net::ERR_CONNECTION_REFUSED @ http://localhost:5000/api/settings/system-status:0
[62465415ms] [ERROR] Failed to load resource: net::ERR_CONNECTION_REFUSED @ http://localhost:5000/api/settings/system-status:0
[62495407ms] [ERROR] Failed to load resource: net::ERR_CONNECTION_REFUSED @ http://localhost:5000/api/settings/system-status:0
[62525402ms] [ERROR] Failed to load resource: net::ERR_CONNECTION_REFUSED @ http://localhost:5000/api/settings/system-status:0
[62555400ms] [ERROR] Failed to load resource: net::ERR_CONNECTION_REFUSED @ http://localhost:5000/api/settings/system-status:0
[62585409ms] [ERROR] Failed to load resource: net::ERR_CONNECTION_REFUSED @ http://localhost:5000/api/settings/system-status:0
[62615394ms] [ERROR] Failed to load resource: net::ERR_CONNECTION_REFUSED @ http://localhost:5000/api/settings/system-status:0
[62645402ms] [ERROR] Failed to load resource: net::ERR_CONNECTION_REFUSED @ http://localhost:5000/api/settings/system-status:0
[62675385ms] [ERROR] Failed to load resource: net::ERR_CONNECTION_REFUSED @ http://localhost:5000/api/settings/system-status:0
[62705410ms] [ERROR] Failed to load resource: net::ERR_CONNECTION_REFUSED @ http://localhost:5000/api/settings/system-status:0
[62735400ms] [ERROR] Failed to load resource: net::ERR_CONNECTION_REFUSED @ http://localhost:5000/api/settings/system-status:0
[62765402ms] [ERROR] Failed to load resource: net::ERR_CONNECTION_REFUSED @ http://localhost:5000/api/settings/system-status:0
[62795401ms] [ERROR] Failed to load resource: net::ERR_CONNECTION_REFUSED @ http://localhost:5000/api/settings/system-status:0
[62825408ms] [ERROR] Failed to load resource: net::ERR_CONNECTION_REFUSED @ http://localhost:5000/api/settings/system-status:0
[62855385ms] [ERROR] Failed to load resource: net::ERR_CONNECTION_REFUSED @ http://localhost:5000/api/settings/system-status:0
[62885407ms] [ERROR] Failed to load resource: net::ERR_CONNECTION_REFUSED @ http://localhost:5000/api/settings/system-status:0
[62915404ms] [ERROR] Failed to load resource: net::ERR_CONNECTION_REFUSED @ http://localhost:5000/api/settings/system-status:0
[62945389ms] [ERROR] Failed to load resource: net::ERR_CONNECTION_REFUSED @ http://localhost:5000/api/settings/system-status:0
[62975412ms] [ERROR] Failed to load resource: net::ERR_CONNECTION_REFUSED @ http://localhost:5000/api/settings/system-status:0
[63005398ms] [ERROR] Failed to load resource: net::ERR_CONNECTION_REFUSED @ http://localhost:5000/api/settings/system-status:0
[63035394ms] [ERROR] Failed to load resource: net::ERR_CONNECTION_REFUSED @ http://localhost:5000/api/settings/system-status:0
[63065395ms] [ERROR] Failed to load resource: net::ERR_CONNECTION_REFUSED @ http://localhost:5000/api/settings/system-status:0
[63095413ms] [ERROR] Failed to load resource: net::ERR_CONNECTION_REFUSED @ http://localhost:5000/api/settings/system-status:0
[63125407ms] [ERROR] Failed to load resource: net::ERR_CONNECTION_REFUSED @ http://localhost:5000/api/settings/system-status:0
[63155390ms] [ERROR] Failed to load resource: net::ERR_CONNECTION_REFUSED @ http://localhost:5000/api/settings/system-status:0
[63185386ms] [ERROR] Failed to load resource: net::ERR_CONNECTION_REFUSED @ http://localhost:5000/api/settings/system-status:0
[63215395ms] [ERROR] Failed to load resource: net::ERR_CONNECTION_REFUSED @ http://localhost:5000/api/settings/system-status:0
[63245405ms] [ERROR] Failed to load resource: net::ERR_CONNECTION_REFUSED @ http://localhost:5000/api/settings/system-status:0
[63275403ms] [ERROR] Failed to load resource: net::ERR_CONNECTION_REFUSED @ http://localhost:5000/api/settings/system-status:0
[63305399ms] [ERROR] Failed to load resource: net::ERR_CONNECTION_REFUSED @ http://localhost:5000/api/settings/system-status:0
[63335399ms] [ERROR] Failed to load resource: net::ERR_CONNECTION_REFUSED @ http://localhost:5000/api/settings/system-status:0
[63365411ms] [ERROR] Failed to load resource: net::ERR_CONNECTION_REFUSED @ http://localhost:5000/api/settings/system-status:0
[63395407ms] [ERROR] Failed to load resource: net::ERR_CONNECTION_REFUSED @ http://localhost:5000/api/settings/system-status:0
[63425401ms] [ERROR] Failed to load resource: net::ERR_CONNECTION_REFUSED @ http://localhost:5000/api/settings/system-status:0
[63455404ms] [ERROR] Failed to load resource: net::ERR_CONNECTION_REFUSED @ http://localhost:5000/api/settings/system-status:0
[63485407ms] [ERROR] Failed to load resource: net::ERR_CONNECTION_REFUSED @ http://localhost:5000/api/settings/system-status:0
[63515404ms] [ERROR] Failed to load resource: net::ERR_CONNECTION_REFUSED @ http://localhost:5000/api/settings/system-status:0
[63545393ms] [ERROR] Failed to load resource: net::ERR_CONNECTION_REFUSED @ http://localhost:5000/api/settings/system-status:0
[63575404ms] [ERROR] Failed to load resource: net::ERR_CONNECTION_REFUSED @ http://localhost:5000/api/settings/system-status:0
[63605398ms] [ERROR] Failed to load resource: net::ERR_CONNECTION_REFUSED @ http://localhost:5000/api/settings/system-status:0
[63635407ms] [ERROR] Failed to load resource: net::ERR_CONNECTION_REFUSED @ http://localhost:5000/api/settings/system-status:0
[63665409ms] [ERROR] Failed to load resource: net::ERR_CONNECTION_REFUSED @ http://localhost:5000/api/settings/system-status:0
[63695391ms] [ERROR] Failed to load resource: net::ERR_CONNECTION_REFUSED @ http://localhost:5000/api/settings/system-status:0
[63725401ms] [ERROR] Failed to load resource: net::ERR_CONNECTION_REFUSED @ http://localhost:5000/api/settings/system-status:0
[63755398ms] [ERROR] Failed to load resource: net::ERR_CONNECTION_REFUSED @ http://localhost:5000/api/settings/system-status:0
[63785394ms] [ERROR] Failed to load resource: net::ERR_CONNECTION_REFUSED @ http://localhost:5000/api/settings/system-status:0
[63815407ms] [ERROR] Failed to load resource: net::ERR_CONNECTION_REFUSED @ http://localhost:5000/api/settings/system-status:0
[63845403ms] [ERROR] Failed to load resource: net::ERR_CONNECTION_REFUSED @ http://localhost:5000/api/settings/system-status:0
[63875405ms] [ERROR] Failed to load resource: net::ERR_CONNECTION_REFUSED @ http://localhost:5000/api/settings/system-status:0
[63905414ms] [ERROR] Failed to load resource: net::ERR_CONNECTION_REFUSED @ http://localhost:5000/api/settings/system-status:0
[63935389ms] [ERROR] Failed to load resource: net::ERR_CONNECTION_REFUSED @ http://localhost:5000/api/settings/system-status:0
[63965396ms] [ERROR] Failed to load resource: net::ERR_CONNECTION_REFUSED @ http://localhost:5000/api/settings/system-status:0
[63995406ms] [ERROR] Failed to load resource: net::ERR_CONNECTION_REFUSED @ http://localhost:5000/api/settings/system-status:0
[64025394ms] [ERROR] Failed to load resource: net::ERR_CONNECTION_REFUSED @ http://localhost:5000/api/settings/system-status:0
[64055384ms] [ERROR] Failed to load resource: net::ERR_CONNECTION_REFUSED @ http://localhost:5000/api/settings/system-status:0
[64085404ms] [ERROR] Failed to load resource: net::ERR_CONNECTION_REFUSED @ http://localhost:5000/api/settings/system-status:0
[64115398ms] [ERROR] Failed to load resource: net::ERR_CONNECTION_REFUSED @ http://localhost:5000/api/settings/system-status:0
[64145411ms] [ERROR] Failed to load resource: net::ERR_CONNECTION_REFUSED @ http://localhost:5000/api/settings/system-status:0
[64175413ms] [ERROR] Failed to load resource: net::ERR_CONNECTION_REFUSED @ http://localhost:5000/api/settings/system-status:0
[64205399ms] [ERROR] Failed to load resource: net::ERR_CONNECTION_REFUSED @ http://localhost:5000/api/settings/system-status:0
[64235394ms] [ERROR] Failed to load resource: net::ERR_CONNECTION_REFUSED @ http://localhost:5000/api/settings/system-status:0
[64265404ms] [ERROR] Failed to load resource: net::ERR_CONNECTION_REFUSED @ http://localhost:5000/api/settings/system-status:0
[64295398ms] [ERROR] Failed to load resource: net::ERR_CONNECTION_REFUSED @ http://localhost:5000/api/settings/system-status:0
[64325376ms] [ERROR] Failed to load resource: net::ERR_CONNECTION_REFUSED @ http://localhost:5000/api/settings/system-status:0
[64355396ms] [ERROR] Failed to load resource: net::ERR_CONNECTION_REFUSED @ http://localhost:5000/api/settings/system-status:0
[64385398ms] [ERROR] Failed to load resource: net::ERR_CONNECTION_REFUSED @ http://localhost:5000/api/settings/system-status:0
[64415392ms] [ERROR] Failed to load resource: net::ERR_CONNECTION_REFUSED @ http://localhost:5000/api/settings/system-status:0
[64445406ms] [ERROR] Failed to load resource: net::ERR_CONNECTION_REFUSED @ http://localhost:5000/api/settings/system-status:0
[64475398ms] [ERROR] Failed to load resource: net::ERR_CONNECTION_REFUSED @ http://localhost:5000/api/settings/system-status:0
[64505403ms] [ERROR] Failed to load resource: net::ERR_CONNECTION_REFUSED @ http://localhost:5000/api/settings/system-status:0
[64535391ms] [ERROR] Failed to load resource: net::ERR_CONNECTION_REFUSED @ http://localhost:5000/api/settings/system-status:0
[64565409ms] [ERROR] Failed to load resource: net::ERR_CONNECTION_REFUSED @ http://localhost:5000/api/settings/system-status:0
[64595412ms] [ERROR] Failed to load resource: net::ERR_CONNECTION_REFUSED @ http://localhost:5000/api/settings/system-status:0
[64625401ms] [ERROR] Failed to load resource: net::ERR_CONNECTION_REFUSED @ http://localhost:5000/api/settings/system-status:0
[64655401ms] [ERROR] Failed to load resource: net::ERR_CONNECTION_REFUSED @ http://localhost:5000/api/settings/system-status:0
[64685404ms] [ERROR] Failed to load resource: net::ERR_CONNECTION_REFUSED @ http://localhost:5000/api/settings/system-status:0
[64715394ms] [ERROR] Failed to load resource: net::ERR_CONNECTION_REFUSED @ http://localhost:5000/api/settings/system-status:0
[64745414ms] [ERROR] Failed to load resource: net::ERR_CONNECTION_REFUSED @ http://localhost:5000/api/settings/system-status:0
[64775392ms] [ERROR] Failed to load resource: net::ERR_CONNECTION_REFUSED @ http://localhost:5000/api/settings/system-status:0
[64805401ms] [ERROR] Failed to load resource: net::ERR_CONNECTION_REFUSED @ http://localhost:5000/api/settings/system-status:0
[64835399ms] [ERROR] Failed to load resource: net::ERR_CONNECTION_REFUSED @ http://localhost:5000/api/settings/system-status:0
[64865384ms] [ERROR] Failed to load resource: net::ERR_CONNECTION_REFUSED @ http://localhost:5000/api/settings/system-status:0
[64895395ms] [ERROR] Failed to load resource: net::ERR_CONNECTION_REFUSED @ http://localhost:5000/api/settings/system-status:0
[64925373ms] [ERROR] Failed to load resource: net::ERR_CONNECTION_REFUSED @ http://localhost:5000/api/settings/system-status:0
[64955394ms] [ERROR] Failed to load resource: net::ERR_CONNECTION_REFUSED @ http://localhost:5000/api/settings/system-status:0
[64985401ms] [ERROR] Failed to load resource: net::ERR_CONNECTION_REFUSED @ http://localhost:5000/api/settings/system-status:0
[65015399ms] [ERROR] Failed to load resource: net::ERR_CONNECTION_REFUSED @ http://localhost:5000/api/settings/system-status:0
[65045403ms] [ERROR] Failed to load resource: net::ERR_CONNECTION_REFUSED @ http://localhost:5000/api/settings/system-status:0
[65075405ms] [ERROR] Failed to load resource: net::ERR_CONNECTION_REFUSED @ http://localhost:5000/api/settings/system-status:0
[65105406ms] [ERROR] Failed to load resource: net::ERR_CONNECTION_REFUSED @ http://localhost:5000/api/settings/system-status:0
[65135410ms] [ERROR] Failed to load resource: net::ERR_CONNECTION_REFUSED @ http://localhost:5000/api/settings/system-status:0
[65165405ms] [ERROR] Failed to load resource: net::ERR_CONNECTION_REFUSED @ http://localhost:5000/api/settings/system-status:0
[65195400ms] [ERROR] Failed to load resource: net::ERR_CONNECTION_REFUSED @ http://localhost:5000/api/settings/system-status:0
[65225394ms] [ERROR] Failed to load resource: net::ERR_CONNECTION_REFUSED @ http://localhost:5000/api/settings/system-status:0
[65255417ms] [ERROR] Failed to load resource: net::ERR_CONNECTION_REFUSED @ http://localhost:5000/api/settings/system-status:0
[65285407ms] [ERROR] Failed to load resource: net::ERR_CONNECTION_REFUSED @ http://localhost:5000/api/settings/system-status:0
[65315403ms] [ERROR] Failed to load resource: net::ERR_CONNECTION_REFUSED @ http://localhost:5000/api/settings/system-status:0
[65345414ms] [ERROR] Failed to load resource: net::ERR_CONNECTION_REFUSED @ http://localhost:5000/api/settings/system-status:0
[65375404ms] [ERROR] Failed to load resource: net::ERR_CONNECTION_REFUSED @ http://localhost:5000/api/settings/system-status:0
[65405410ms] [ERROR] Failed to load resource: net::ERR_CONNECTION_REFUSED @ http://localhost:5000/api/settings/system-status:0
[65435397ms] [ERROR] Failed to load resource: net::ERR_CONNECTION_REFUSED @ http://localhost:5000/api/settings/system-status:0
[65465411ms] [ERROR] Failed to load resource: net::ERR_CONNECTION_REFUSED @ http://localhost:5000/api/settings/system-status:0
[65495404ms] [ERROR] Failed to load resource: net::ERR_CONNECTION_REFUSED @ http://localhost:5000/api/settings/system-status:0
[65525409ms] [ERROR] Failed to load resource: net::ERR_CONNECTION_REFUSED @ http://localhost:5000/api/settings/system-status:0
[65555400ms] [ERROR] Failed to load resource: net::ERR_CONNECTION_REFUSED @ http://localhost:5000/api/settings/system-status:0
[65585405ms] [ERROR] Failed to load resource: net::ERR_CONNECTION_REFUSED @ http://localhost:5000/api/settings/system-status:0
[65615396ms] [ERROR] Failed to load resource: net::ERR_CONNECTION_REFUSED @ http://localhost:5000/api/settings/system-status:0
[65645411ms] [ERROR] Failed to load resource: net::ERR_CONNECTION_REFUSED @ http://localhost:5000/api/settings/system-status:0
[65675412ms] [ERROR] Failed to load resource: net::ERR_CONNECTION_REFUSED @ http://localhost:5000/api/settings/system-status:0
[65705386ms] [ERROR] Failed to load resource: net::ERR_CONNECTION_REFUSED @ http://localhost:5000/api/settings/system-status:0
[65735394ms] [ERROR] Failed to load resource: net::ERR_CONNECTION_REFUSED @ http://localhost:5000/api/settings/system-status:0
[65765415ms] [ERROR] Failed to load resource: net::ERR_CONNECTION_REFUSED @ http://localhost:5000/api/settings/system-status:0
[65795399ms] [ERROR] Failed to load resource: net::ERR_CONNECTION_REFUSED @ http://localhost:5000/api/settings/system-status:0
[65825416ms] [ERROR] Failed to load resource: net::ERR_CONNECTION_REFUSED @ http://localhost:5000/api/settings/system-status:0
[65855399ms] [ERROR] Failed to load resource: net::ERR_CONNECTION_REFUSED @ http://localhost:5000/api/settings/system-status:0
[65885408ms] [ERROR] Failed to load resource: net::ERR_CONNECTION_REFUSED @ http://localhost:5000/api/settings/system-status:0
[65915414ms] [ERROR] Failed to load resource: net::ERR_CONNECTION_REFUSED @ http://localhost:5000/api/settings/system-status:0
[65945395ms] [ERROR] Failed to load resource: net::ERR_CONNECTION_REFUSED @ http://localhost:5000/api/settings/system-status:0
[65975398ms] [ERROR] Failed to load resource: net::ERR_CONNECTION_REFUSED @ http://localhost:5000/api/settings/system-status:0
[66005407ms] [ERROR] Failed to load resource: net::ERR_CONNECTION_REFUSED @ http://localhost:5000/api/settings/system-status:0
[66035411ms] [ERROR] Failed to load resource: net::ERR_CONNECTION_REFUSED @ http://localhost:5000/api/settings/system-status:0
[66065408ms] [ERROR] Failed to load resource: net::ERR_CONNECTION_REFUSED @ http://localhost:5000/api/settings/system-status:0
[66095411ms] [ERROR] Failed to load resource: net::ERR_CONNECTION_REFUSED @ http://localhost:5000/api/settings/system-status:0
[66125402ms] [ERROR] Failed to load resource: net::ERR_CONNECTION_REFUSED @ http://localhost:5000/api/settings/system-status:0
[66155388ms] [ERROR] Failed to load resource: net::ERR_CONNECTION_REFUSED @ http://localhost:5000/api/settings/system-status:0
[66185399ms] [ERROR] Failed to load resource: net::ERR_CONNECTION_REFUSED @ http://localhost:5000/api/settings/system-status:0
[66215406ms] [ERROR] Failed to load resource: net::ERR_CONNECTION_REFUSED @ http://localhost:5000/api/settings/system-status:0
[66245383ms] [ERROR] Failed to load resource: net::ERR_CONNECTION_REFUSED @ http://localhost:5000/api/settings/system-status:0
[66275409ms] [ERROR] Failed to load resource: net::ERR_CONNECTION_REFUSED @ http://localhost:5000/api/settings/system-status:0
[66305385ms] [ERROR] Failed to load resource: net::ERR_CONNECTION_REFUSED @ http://localhost:5000/api/settings/system-status:0
[66335394ms] [ERROR] Failed to load resource: net::ERR_CONNECTION_REFUSED @ http://localhost:5000/api/settings/system-status:0
[66365399ms] [ERROR] Failed to load resource: net::ERR_CONNECTION_REFUSED @ http://localhost:5000/api/settings/system-status:0
[66395409ms] [ERROR] Failed to load resource: net::ERR_CONNECTION_REFUSED @ http://localhost:5000/api/settings/system-status:0
[66425400ms] [ERROR] Failed to load resource: net::ERR_CONNECTION_REFUSED @ http://localhost:5000/api/settings/system-status:0
[66455402ms] [ERROR] Failed to load resource: net::ERR_CONNECTION_REFUSED @ http://localhost:5000/api/settings/system-status:0
[66485401ms] [ERROR] Failed to load resource: net::ERR_CONNECTION_REFUSED @ http://localhost:5000/api/settings/system-status:0
[66515402ms] [ERROR] Failed to load resource: net::ERR_CONNECTION_REFUSED @ http://localhost:5000/api/settings/system-status:0
[66545400ms] [ERROR] Failed to load resource: net::ERR_CONNECTION_REFUSED @ http://localhost:5000/api/settings/system-status:0
[66575400ms] [ERROR] Failed to load resource: net::ERR_CONNECTION_REFUSED @ http://localhost:5000/api/settings/system-status:0
[66605390ms] [ERROR] Failed to load resource: net::ERR_CONNECTION_REFUSED @ http://localhost:5000/api/settings/system-status:0
[66635400ms] [ERROR] Failed to load resource: net::ERR_CONNECTION_REFUSED @ http://localhost:5000/api/settings/system-status:0
[66665408ms] [ERROR] Failed to load resource: net::ERR_CONNECTION_REFUSED @ http://localhost:5000/api/settings/system-status:0
[66695396ms] [ERROR] Failed to load resource: net::ERR_CONNECTION_REFUSED @ http://localhost:5000/api/settings/system-status:0
[66725401ms] [ERROR] Failed to load resource: net::ERR_CONNECTION_REFUSED @ http://localhost:5000/api/settings/system-status:0
[66755414ms] [ERROR] Failed to load resource: net::ERR_CONNECTION_REFUSED @ http://localhost:5000/api/settings/system-status:0
[66785402ms] [ERROR] Failed to load resource: net::ERR_CONNECTION_REFUSED @ http://localhost:5000/api/settings/system-status:0
[66815408ms] [ERROR] Failed to load resource: net::ERR_CONNECTION_REFUSED @ http://localhost:5000/api/settings/system-status:0
[66845406ms] [ERROR] Failed to load resource: net::ERR_CONNECTION_REFUSED @ http://localhost:5000/api/settings/system-status:0
[66875392ms] [ERROR] Failed to load resource: net::ERR_CONNECTION_REFUSED @ http://localhost:5000/api/settings/system-status:0
[66905403ms] [ERROR] Failed to load resource: net::ERR_CONNECTION_REFUSED @ http://localhost:5000/api/settings/system-status:0
[66935408ms] [ERROR] Failed to load resource: net::ERR_CONNECTION_REFUSED @ http://localhost:5000/api/settings/system-status:0
[66965406ms] [ERROR] Failed to load resource: net::ERR_CONNECTION_REFUSED @ http://localhost:5000/api/settings/system-status:0
[66995397ms] [ERROR] Failed to load resource: net::ERR_CONNECTION_REFUSED @ http://localhost:5000/api/settings/system-status:0
[67025409ms] [ERROR] Failed to load resource: net::ERR_CONNECTION_REFUSED @ http://localhost:5000/api/settings/system-status:0
[67055379ms] [ERROR] Failed to load resource: net::ERR_CONNECTION_REFUSED @ http://localhost:5000/api/settings/system-status:0
[67085402ms] [ERROR] Failed to load resource: net::ERR_CONNECTION_REFUSED @ http://localhost:5000/api/settings/system-status:0
[67115413ms] [ERROR] Failed to load resource: net::ERR_CONNECTION_REFUSED @ http://localhost:5000/api/settings/system-status:0
[67145413ms] [ERROR] Failed to load resource: net::ERR_CONNECTION_REFUSED @ http://localhost:5000/api/settings/system-status:0
[67175411ms] [ERROR] Failed to load resource: net::ERR_CONNECTION_REFUSED @ http://localhost:5000/api/settings/system-status:0
[67205404ms] [ERROR] Failed to load resource: net::ERR_CONNECTION_REFUSED @ http://localhost:5000/api/settings/system-status:0
[67235394ms] [ERROR] Failed to load resource: net::ERR_CONNECTION_REFUSED @ http://localhost:5000/api/settings/system-status:0
[67265400ms] [ERROR] Failed to load resource: net::ERR_CONNECTION_REFUSED @ http://localhost:5000/api/settings/system-status:0
[67295391ms] [ERROR] Failed to load resource: net::ERR_CONNECTION_REFUSED @ http://localhost:5000/api/settings/system-status:0
[67325408ms] [ERROR] Failed to load resource: net::ERR_CONNECTION_REFUSED @ http://localhost:5000/api/settings/system-status:0
[67355397ms] [ERROR] Failed to load resource: net::ERR_CONNECTION_REFUSED @ http://localhost:5000/api/settings/system-status:0
[67385401ms] [ERROR] Failed to load resource: net::ERR_CONNECTION_REFUSED @ http://localhost:5000/api/settings/system-status:0
[67415388ms] [ERROR] Failed to load resource: net::ERR_CONNECTION_REFUSED @ http://localhost:5000/api/settings/system-status:0
[67445392ms] [ERROR] Failed to load resource: net::ERR_CONNECTION_REFUSED @ http://localhost:5000/api/settings/system-status:0
[67475392ms] [ERROR] Failed to load resource: net::ERR_CONNECTION_REFUSED @ http://localhost:5000/api/settings/system-status:0
[67505408ms] [ERROR] Failed to load resource: net::ERR_CONNECTION_REFUSED @ http://localhost:5000/api/settings/system-status:0
[67535397ms] [ERROR] Failed to load resource: net::ERR_CONNECTION_REFUSED @ http://localhost:5000/api/settings/system-status:0
[67565411ms] [ERROR] Failed to load resource: net::ERR_CONNECTION_REFUSED @ http://localhost:5000/api/settings/system-status:0
[67595402ms] [ERROR] Failed to load resource: net::ERR_CONNECTION_REFUSED @ http://localhost:5000/api/settings/system-status:0
[67625415ms] [ERROR] Failed to load resource: net::ERR_CONNECTION_REFUSED @ http://localhost:5000/api/settings/system-status:0
[67655411ms] [ERROR] Failed to load resource: net::ERR_CONNECTION_REFUSED @ http://localhost:5000/api/settings/system-status:0
[67685405ms] [ERROR] Failed to load resource: net::ERR_CONNECTION_REFUSED @ http://localhost:5000/api/settings/system-status:0
[67715397ms] [ERROR] Failed to load resource: net::ERR_CONNECTION_REFUSED @ http://localhost:5000/api/settings/system-status:0
[67745407ms] [ERROR] Failed to load resource: net::ERR_CONNECTION_REFUSED @ http://localhost:5000/api/settings/system-status:0
[67775397ms] [ERROR] Failed to load resource: net::ERR_CONNECTION_REFUSED @ http://localhost:5000/api/settings/system-status:0
[67805408ms] [ERROR] Failed to load resource: net::ERR_CONNECTION_REFUSED @ http://localhost:5000/api/settings/system-status:0
[67835403ms] [ERROR] Failed to load resource: net::ERR_CONNECTION_REFUSED @ http://localhost:5000/api/settings/system-status:0
[67865405ms] [ERROR] Failed to load resource: net::ERR_CONNECTION_REFUSED @ http://localhost:5000/api/settings/system-status:0
[67895404ms] [ERROR] Failed to load resource: net::ERR_CONNECTION_REFUSED @ http://localhost:5000/api/settings/system-status:0
[67925397ms] [ERROR] Failed to load resource: net::ERR_CONNECTION_REFUSED @ http://localhost:5000/api/settings/system-status:0
[67955409ms] [ERROR] Failed to load resource: net::ERR_CONNECTION_REFUSED @ http://localhost:5000/api/settings/system-status:0
[67985399ms] [ERROR] Failed to load resource: net::ERR_CONNECTION_REFUSED @ http://localhost:5000/api/settings/system-status:0
[68015413ms] [ERROR] Failed to load resource: net::ERR_CONNECTION_REFUSED @ http://localhost:5000/api/settings/system-status:0
[68045389ms] [ERROR] Failed to load resource: net::ERR_CONNECTION_REFUSED @ http://localhost:5000/api/settings/system-status:0
[68075400ms] [ERROR] Failed to load resource: net::ERR_CONNECTION_REFUSED @ http://localhost:5000/api/settings/system-status:0
[68105401ms] [ERROR] Failed to load resource: net::ERR_CONNECTION_REFUSED @ http://localhost:5000/api/settings/system-status:0
[68135401ms] [ERROR] Failed to load resource: net::ERR_CONNECTION_REFUSED @ http://localhost:5000/api/settings/system-status:0
[68165409ms] [ERROR] Failed to load resource: net::ERR_CONNECTION_REFUSED @ http://localhost:5000/api/settings/system-status:0
[68195394ms] [ERROR] Failed to load resource: net::ERR_CONNECTION_REFUSED @ http://localhost:5000/api/settings/system-status:0
[68225401ms] [ERROR] Failed to load resource: net::ERR_CONNECTION_REFUSED @ http://localhost:5000/api/settings/system-status:0
[68255401ms] [ERROR] Failed to load resource: net::ERR_CONNECTION_REFUSED @ http://localhost:5000/api/settings/system-status:0
[68285404ms] [ERROR] Failed to load resource: net::ERR_CONNECTION_REFUSED @ http://localhost:5000/api/settings/system-status:0
[68315380ms] [ERROR] Failed to load resource: net::ERR_CONNECTION_REFUSED @ http://localhost:5000/api/settings/system-status:0
[68345404ms] [ERROR] Failed to load resource: net::ERR_CONNECTION_REFUSED @ http://localhost:5000/api/settings/system-status:0
[68375411ms] [ERROR] Failed to load resource: net::ERR_CONNECTION_REFUSED @ http://localhost:5000/api/settings/system-status:0
[68405410ms] [ERROR] Failed to load resource: net::ERR_CONNECTION_REFUSED @ http://localhost:5000/api/settings/system-status:0
[68435409ms] [ERROR] Failed to load resource: net::ERR_CONNECTION_REFUSED @ http://localhost:5000/api/settings/system-status:0
[68465397ms] [ERROR] Failed to load resource: net::ERR_CONNECTION_REFUSED @ http://localhost:5000/api/settings/system-status:0
[68495382ms] [ERROR] Failed to load resource: net::ERR_CONNECTION_REFUSED @ http://localhost:5000/api/settings/system-status:0
[68525394ms] [ERROR] Failed to load resource: net::ERR_CONNECTION_REFUSED @ http://localhost:5000/api/settings/system-status:0
[68555418ms] [ERROR] Failed to load resource: net::ERR_CONNECTION_REFUSED @ http://localhost:5000/api/settings/system-status:0
[68585413ms] [ERROR] Failed to load resource: net::ERR_CONNECTION_REFUSED @ http://localhost:5000/api/settings/system-status:0
[68615379ms] [ERROR] Failed to load resource: net::ERR_CONNECTION_REFUSED @ http://localhost:5000/api/settings/system-status:0
[68645400ms] [ERROR] Failed to load resource: net::ERR_CONNECTION_REFUSED @ http://localhost:5000/api/settings/system-status:0
[68675399ms] [ERROR] Failed to load resource: net::ERR_CONNECTION_REFUSED @ http://localhost:5000/api/settings/system-status:0
[68705416ms] [ERROR] Failed to load resource: net::ERR_CONNECTION_REFUSED @ http://localhost:5000/api/settings/system-status:0
[68735372ms] [ERROR] Failed to load resource: net::ERR_CONNECTION_REFUSED @ http://localhost:5000/api/settings/system-status:0
[68765413ms] [ERROR] Failed to load resource: net::ERR_CONNECTION_REFUSED @ http://localhost:5000/api/settings/system-status:0
[68795392ms] [ERROR] Failed to load resource: net::ERR_CONNECTION_REFUSED @ http://localhost:5000/api/settings/system-status:0
[68825389ms] [ERROR] Failed to load resource: net::ERR_CONNECTION_REFUSED @ http://localhost:5000/api/settings/system-status:0
[68855402ms] [ERROR] Failed to load resource: net::ERR_CONNECTION_REFUSED @ http://localhost:5000/api/settings/system-status:0
[68885400ms] [ERROR] Failed to load resource: net::ERR_CONNECTION_REFUSED @ http://localhost:5000/api/settings/system-status:0
[68915395ms] [ERROR] Failed to load resource: net::ERR_CONNECTION_REFUSED @ http://localhost:5000/api/settings/system-status:0
[68945391ms] [ERROR] Failed to load resource: net::ERR_CONNECTION_REFUSED @ http://localhost:5000/api/settings/system-status:0
[68975410ms] [ERROR] Failed to load resource: net::ERR_CONNECTION_REFUSED @ http://localhost:5000/api/settings/system-status:0
[69005408ms] [ERROR] Failed to load resource: net::ERR_CONNECTION_REFUSED @ http://localhost:5000/api/settings/system-status:0
[69035383ms] [ERROR] Failed to load resource: net::ERR_CONNECTION_REFUSED @ http://localhost:5000/api/settings/system-status:0
[69065401ms] [ERROR] Failed to load resource: net::ERR_CONNECTION_REFUSED @ http://localhost:5000/api/settings/system-status:0
[69095391ms] [ERROR] Failed to load resource: net::ERR_CONNECTION_REFUSED @ http://localhost:5000/api/settings/system-status:0
[69125394ms] [ERROR] Failed to load resource: net::ERR_CONNECTION_REFUSED @ http://localhost:5000/api/settings/system-status:0
[69155380ms] [ERROR] Failed to load resource: net::ERR_CONNECTION_REFUSED @ http://localhost:5000/api/settings/system-status:0
[69185412ms] [ERROR] Failed to load resource: net::ERR_CONNECTION_REFUSED @ http://localhost:5000/api/settings/system-status:0
[69215383ms] [ERROR] Failed to load resource: net::ERR_CONNECTION_REFUSED @ http://localhost:5000/api/settings/system-status:0
[69245404ms] [ERROR] Failed to load resource: net::ERR_CONNECTION_REFUSED @ http://localhost:5000/api/settings/system-status:0
[69275395ms] [ERROR] Failed to load resource: net::ERR_CONNECTION_REFUSED @ http://localhost:5000/api/settings/system-status:0
[69305388ms] [ERROR] Failed to load resource: net::ERR_CONNECTION_REFUSED @ http://localhost:5000/api/settings/system-status:0
[69335409ms] [ERROR] Failed to load resource: net::ERR_CONNECTION_REFUSED @ http://localhost:5000/api/settings/system-status:0
[69365398ms] [ERROR] Failed to load resource: net::ERR_CONNECTION_REFUSED @ http://localhost:5000/api/settings/system-status:0
[69395397ms] [ERROR] Failed to load resource: net::ERR_CONNECTION_REFUSED @ http://localhost:5000/api/settings/system-status:0
[69425404ms] [ERROR] Failed to load resource: net::ERR_CONNECTION_REFUSED @ http://localhost:5000/api/settings/system-status:0
[69455408ms] [ERROR] Failed to load resource: net::ERR_CONNECTION_REFUSED @ http://localhost:5000/api/settings/system-status:0
[69485404ms] [ERROR] Failed to load resource: net::ERR_CONNECTION_REFUSED @ http://localhost:5000/api/settings/system-status:0
[69515404ms] [ERROR] Failed to load resource: net::ERR_CONNECTION_REFUSED @ http://localhost:5000/api/settings/system-status:0
[69545405ms] [ERROR] Failed to load resource: net::ERR_CONNECTION_REFUSED @ http://localhost:5000/api/settings/system-status:0
[69575413ms] [ERROR] Failed to load resource: net::ERR_CONNECTION_REFUSED @ http://localhost:5000/api/settings/system-status:0
[69605406ms] [ERROR] Failed to load resource: net::ERR_CONNECTION_REFUSED @ http://localhost:5000/api/settings/system-status:0
[69635371ms] [ERROR] Failed to load resource: net::ERR_CONNECTION_REFUSED @ http://localhost:5000/api/settings/system-status:0
[69665404ms] [ERROR] Failed to load resource: net::ERR_CONNECTION_REFUSED @ http://localhost:5000/api/settings/system-status:0
[69695396ms] [ERROR] Failed to load resource: net::ERR_CONNECTION_REFUSED @ http://localhost:5000/api/settings/system-status:0
[69725406ms] [ERROR] Failed to load resource: net::ERR_CONNECTION_REFUSED @ http://localhost:5000/api/settings/system-status:0
[69755407ms] [ERROR] Failed to load resource: net::ERR_CONNECTION_REFUSED @ http://localhost:5000/api/settings/system-status:0
[69785402ms] [ERROR] Failed to load resource: net::ERR_CONNECTION_REFUSED @ http://localhost:5000/api/settings/system-status:0
[69815403ms] [ERROR] Failed to load resource: net::ERR_CONNECTION_REFUSED @ http://localhost:5000/api/settings/system-status:0
[69845399ms] [ERROR] Failed to load resource: net::ERR_CONNECTION_REFUSED @ http://localhost:5000/api/settings/system-status:0
[69875399ms] [ERROR] Failed to load resource: net::ERR_CONNECTION_REFUSED @ http://localhost:5000/api/settings/system-status:0
[69905393ms] [ERROR] Failed to load resource: net::ERR_CONNECTION_REFUSED @ http://localhost:5000/api/settings/system-status:0
[69935384ms] [ERROR] Failed to load resource: net::ERR_CONNECTION_REFUSED @ http://localhost:5000/api/settings/system-status:0
[69965405ms] [ERROR] Failed to load resource: net::ERR_CONNECTION_REFUSED @ http://localhost:5000/api/settings/system-status:0
[69995400ms] [ERROR] Failed to load resource: net::ERR_CONNECTION_REFUSED @ http://localhost:5000/api/settings/system-status:0
[70025408ms] [ERROR] Failed to load resource: net::ERR_CONNECTION_REFUSED @ http://localhost:5000/api/settings/system-status:0
[70055415ms] [ERROR] Failed to load resource: net::ERR_CONNECTION_REFUSED @ http://localhost:5000/api/settings/system-status:0
[70085410ms] [ERROR] Failed to load resource: net::ERR_CONNECTION_REFUSED @ http://localhost:5000/api/settings/system-status:0
[70115403ms] [ERROR] Failed to load resource: net::ERR_CONNECTION_REFUSED @ http://localhost:5000/api/settings/system-status:0
[70145407ms] [ERROR] Failed to load resource: net::ERR_CONNECTION_REFUSED @ http://localhost:5000/api/settings/system-status:0
[70175416ms] [ERROR] Failed to load resource: net::ERR_CONNECTION_REFUSED @ http://localhost:5000/api/settings/system-status:0
[70205399ms] [ERROR] Failed to load resource: net::ERR_CONNECTION_REFUSED @ http://localhost:5000/api/settings/system-status:0
[70235407ms] [ERROR] Failed to load resource: net::ERR_CONNECTION_REFUSED @ http://localhost:5000/api/settings/system-status:0
[70265404ms] [ERROR] Failed to load resource: net::ERR_CONNECTION_REFUSED @ http://localhost:5000/api/settings/system-status:0
[70295413ms] [ERROR] Failed to load resource: net::ERR_CONNECTION_REFUSED @ http://localhost:5000/api/settings/system-status:0
[70325394ms] [ERROR] Failed to load resource: net::ERR_CONNECTION_REFUSED @ http://localhost:5000/api/settings/system-status:0
[70355408ms] [ERROR] Failed to load resource: net::ERR_CONNECTION_REFUSED @ http://localhost:5000/api/settings/system-status:0
[70385406ms] [ERROR] Failed to load resource: net::ERR_CONNECTION_REFUSED @ http://localhost:5000/api/settings/system-status:0
[70415405ms] [ERROR] Failed to load resource: net::ERR_CONNECTION_REFUSED @ http://localhost:5000/api/settings/system-status:0
[70445400ms] [ERROR] Failed to load resource: net::ERR_CONNECTION_REFUSED @ http://localhost:5000/api/settings/system-status:0
[70475401ms] [ERROR] Failed to load resource: net::ERR_CONNECTION_REFUSED @ http://localhost:5000/api/settings/system-status:0
[70505419ms] [ERROR] Failed to load resource: net::ERR_CONNECTION_REFUSED @ http://localhost:5000/api/settings/system-status:0
[70535394ms] [ERROR] Failed to load resource: net::ERR_CONNECTION_REFUSED @ http://localhost:5000/api/settings/system-status:0
[70565409ms] [ERROR] Failed to load resource: net::ERR_CONNECTION_REFUSED @ http://localhost:5000/api/settings/system-status:0
[70595413ms] [ERROR] Failed to load resource: net::ERR_CONNECTION_REFUSED @ http://localhost:5000/api/settings/system-status:0
[70625412ms] [ERROR] Failed to load resource: net::ERR_CONNECTION_REFUSED @ http://localhost:5000/api/settings/system-status:0
[70655399ms] [ERROR] Failed to load resource: net::ERR_CONNECTION_REFUSED @ http://localhost:5000/api/settings/system-status:0
[70685401ms] [ERROR] Failed to load resource: net::ERR_CONNECTION_REFUSED @ http://localhost:5000/api/settings/system-status:0
[70715411ms] [ERROR] Failed to load resource: net::ERR_CONNECTION_REFUSED @ http://localhost:5000/api/settings/system-status:0
[70745374ms] [ERROR] Failed to load resource: net::ERR_CONNECTION_REFUSED @ http://localhost:5000/api/settings/system-status:0
[70775395ms] [ERROR] Failed to load resource: net::ERR_CONNECTION_REFUSED @ http://localhost:5000/api/settings/system-status:0
[70805412ms] [ERROR] Failed to load resource: net::ERR_CONNECTION_REFUSED @ http://localhost:5000/api/settings/system-status:0
[70835408ms] [ERROR] Failed to load resource: net::ERR_CONNECTION_REFUSED @ http://localhost:5000/api/settings/system-status:0
[70865394ms] [ERROR] Failed to load resource: net::ERR_CONNECTION_REFUSED @ http://localhost:5000/api/settings/system-status:0
[70895373ms] [ERROR] Failed to load resource: net::ERR_CONNECTION_REFUSED @ http://localhost:5000/api/settings/system-status:0
[70925402ms] [ERROR] Failed to load resource: net::ERR_CONNECTION_REFUSED @ http://localhost:5000/api/settings/system-status:0
[70955417ms] [ERROR] Failed to load resource: net::ERR_CONNECTION_REFUSED @ http://localhost:5000/api/settings/system-status:0
[70985380ms] [ERROR] Failed to load resource: net::ERR_CONNECTION_REFUSED @ http://localhost:5000/api/settings/system-status:0
[71015392ms] [ERROR] Failed to load resource: net::ERR_CONNECTION_REFUSED @ http://localhost:5000/api/settings/system-status:0
[71045416ms] [ERROR] Failed to load resource: net::ERR_CONNECTION_REFUSED @ http://localhost:5000/api/settings/system-status:0
[71075393ms] [ERROR] Failed to load resource: net::ERR_CONNECTION_REFUSED @ http://localhost:5000/api/settings/system-status:0
[71105394ms] [ERROR] Failed to load resource: net::ERR_CONNECTION_REFUSED @ http://localhost:5000/api/settings/system-status:0
[71135389ms] [ERROR] Failed to load resource: net::ERR_CONNECTION_REFUSED @ http://localhost:5000/api/settings/system-status:0
[71165397ms] [ERROR] Failed to load resource: net::ERR_CONNECTION_REFUSED @ http://localhost:5000/api/settings/system-status:0
[71195415ms] [ERROR] Failed to load resource: net::ERR_CONNECTION_REFUSED @ http://localhost:5000/api/settings/system-status:0
[71225408ms] [ERROR] Failed to load resource: net::ERR_CONNECTION_REFUSED @ http://localhost:5000/api/settings/system-status:0
[71255393ms] [ERROR] Failed to load resource: net::ERR_CONNECTION_REFUSED @ http://localhost:5000/api/settings/system-status:0
[71285404ms] [ERROR] Failed to load resource: net::ERR_CONNECTION_REFUSED @ http://localhost:5000/api/settings/system-status:0
[71315408ms] [ERROR] Failed to load resource: net::ERR_CONNECTION_REFUSED @ http://localhost:5000/api/settings/system-status:0
[71345387ms] [ERROR] Failed to load resource: net::ERR_CONNECTION_REFUSED @ http://localhost:5000/api/settings/system-status:0
[71375407ms] [ERROR] Failed to load resource: net::ERR_CONNECTION_REFUSED @ http://localhost:5000/api/settings/system-status:0
[71405409ms] [ERROR] Failed to load resource: net::ERR_CONNECTION_REFUSED @ http://localhost:5000/api/settings/system-status:0
[71435409ms] [ERROR] Failed to load resource: net::ERR_CONNECTION_REFUSED @ http://localhost:5000/api/settings/system-status:0
[71465395ms] [ERROR] Failed to load resource: net::ERR_CONNECTION_REFUSED @ http://localhost:5000/api/settings/system-status:0
[71495400ms] [ERROR] Failed to load resource: net::ERR_CONNECTION_REFUSED @ http://localhost:5000/api/settings/system-status:0
[71525394ms] [ERROR] Failed to load resource: net::ERR_CONNECTION_REFUSED @ http://localhost:5000/api/settings/system-status:0
[71555416ms] [ERROR] Failed to load resource: net::ERR_CONNECTION_REFUSED @ http://localhost:5000/api/settings/system-status:0
[71585395ms] [ERROR] Failed to load resource: net::ERR_CONNECTION_REFUSED @ http://localhost:5000/api/settings/system-status:0
[71615388ms] [ERROR] Failed to load resource: net::ERR_CONNECTION_REFUSED @ http://localhost:5000/api/settings/system-status:0
[71645399ms] [ERROR] Failed to load resource: net::ERR_CONNECTION_REFUSED @ http://localhost:5000/api/settings/system-status:0
[71675407ms] [ERROR] Failed to load resource: net::ERR_CONNECTION_REFUSED @ http://localhost:5000/api/settings/system-status:0
[71705403ms] [ERROR] Failed to load resource: net::ERR_CONNECTION_REFUSED @ http://localhost:5000/api/settings/system-status:0
[71735377ms] [ERROR] Failed to load resource: net::ERR_CONNECTION_REFUSED @ http://localhost:5000/api/settings/system-status:0
[71765410ms] [ERROR] Failed to load resource: net::ERR_CONNECTION_REFUSED @ http://localhost:5000/api/settings/system-status:0
[71795396ms] [ERROR] Failed to load resource: net::ERR_CONNECTION_REFUSED @ http://localhost:5000/api/settings/system-status:0
[71825410ms] [ERROR] Failed to load resource: net::ERR_CONNECTION_REFUSED @ http://localhost:5000/api/settings/system-status:0
[71855397ms] [ERROR] Failed to load resource: net::ERR_CONNECTION_REFUSED @ http://localhost:5000/api/settings/system-status:0
[71885404ms] [ERROR] Failed to load resource: net::ERR_CONNECTION_REFUSED @ http://localhost:5000/api/settings/system-status:0
[71915391ms] [ERROR] Failed to load resource: net::ERR_CONNECTION_REFUSED @ http://localhost:5000/api/settings/system-status:0
[71945410ms] [ERROR] Failed to load resource: net::ERR_CONNECTION_REFUSED @ http://localhost:5000/api/settings/system-status:0
[71975396ms] [ERROR] Failed to load resource: net::ERR_CONNECTION_REFUSED @ http://localhost:5000/api/settings/system-status:0
[72005384ms] [ERROR] Failed to load resource: net::ERR_CONNECTION_REFUSED @ http://localhost:5000/api/settings/system-status:0
[72035405ms] [ERROR] Failed to load resource: net::ERR_CONNECTION_REFUSED @ http://localhost:5000/api/settings/system-status:0
[72065405ms] [ERROR] Failed to load resource: net::ERR_CONNECTION_REFUSED @ http://localhost:5000/api/settings/system-status:0
[72095404ms] [ERROR] Failed to load resource: net::ERR_CONNECTION_REFUSED @ http://localhost:5000/api/settings/system-status:0
[72125385ms] [ERROR] Failed to load resource: net::ERR_CONNECTION_REFUSED @ http://localhost:5000/api/settings/system-status:0
[72155412ms] [ERROR] Failed to load resource: net::ERR_CONNECTION_REFUSED @ http://localhost:5000/api/settings/system-status:0
[72185402ms] [ERROR] Failed to load resource: net::ERR_CONNECTION_REFUSED @ http://localhost:5000/api/settings/system-status:0
[72215409ms] [ERROR] Failed to load resource: net::ERR_CONNECTION_REFUSED @ http://localhost:5000/api/settings/system-status:0
[72245401ms] [ERROR] Failed to load resource: net::ERR_CONNECTION_REFUSED @ http://localhost:5000/api/settings/system-status:0
[72275406ms] [ERROR] Failed to load resource: net::ERR_CONNECTION_REFUSED @ http://localhost:5000/api/settings/system-status:0
[72305391ms] [ERROR] Failed to load resource: net::ERR_CONNECTION_REFUSED @ http://localhost:5000/api/settings/system-status:0
[72335407ms] [ERROR] Failed to load resource: net::ERR_CONNECTION_REFUSED @ http://localhost:5000/api/settings/system-status:0
[72365405ms] [ERROR] Failed to load resource: net::ERR_CONNECTION_REFUSED @ http://localhost:5000/api/settings/system-status:0
[110535149ms] [ERROR] Failed to load resource: net::ERR_CONNECTION_REFUSED @ http://localhost:5000/api/settings/system-status:0
[129982613ms] [ERROR] Failed to load resource: net::ERR_NETWORK_IO_SUSPENDED @ http://localhost:5000/api/settings/system-status:0
[224695092ms] [ERROR] Failed to load resource: net::ERR_NETWORK_CHANGED @ http://localhost:5000/api/settings/system-status:0
[224699759ms] [ERROR] Failed to load resource: net::ERR_NETWORK_CHANGED @ http://localhost:5000/api/settings/system-status:0
[224731233ms] [ERROR] Failed to load resource: net::ERR_CONNECTION_REFUSED @ http://localhost:5000/api/settings/system-status:0
[224763745ms] [ERROR] Failed to load resource: net::ERR_CONNECTION_REFUSED @ http://localhost:5000/api/settings/system-status:0
[224793741ms] [ERROR] Failed to load resource: net::ERR_CONNECTION_REFUSED @ http://localhost:5000/api/settings/system-status:0
[224823772ms] [ERROR] Failed to load resource: net::ERR_CONNECTION_REFUSED @ http://localhost:5000/api/settings/system-status:0
[224853758ms] [ERROR] Failed to load resource: net::ERR_CONNECTION_REFUSED @ http://localhost:5000/api/settings/system-status:0
[227283774ms] [ERROR] Failed to load resource: net::ERR_CONNECTION_REFUSED @ http://localhost:5000/api/settings/system-status:0
[228661449ms] [ERROR] Failed to load resource: the server responded with a status of 502 (Bad Gateway) @ http://localhost:5000/api/settings/system-status:0
[239495206ms] [ERROR] Failed to load resource: net::ERR_NETWORK_IO_SUSPENDED @ http://localhost:5000/api/settings/system-status:0
[270032736ms] [ERROR] Failed to load resource: net::ERR_NETWORK_CHANGED @ http://localhost:5000/api/settings/system-status:0
[280355216ms] [ERROR] Failed to load resource: net::ERR_CONNECTION_REFUSED @ http://localhost:5000/api/settings/system-status:0
