[12131072ms] [ERROR] Failed to load resource: net::ERR_EMPTY_RESPONSE @ http://localhost:5000/api/settings/system-status:0
[12131092ms] [ERROR] Failed to load resource: net::ERR_EMPTY_RESPONSE @ http://localhost:5000/api/settings/system-status:0
[12131092ms] [ERROR] Failed to load resource: net::ERR_EMPTY_RESPONSE @ http://localhost:5000/api/settings/system-status:0
[12131092ms] [ERROR] Failed to load resource: net::ERR_EMPTY_RESPONSE @ http://localhost:5000/api/settings/system-status:0
[12131092ms] [ERROR] Failed to load resource: net::ERR_EMPTY_RESPONSE @ http://localhost:5000/api/settings/system-status:0
[12131092ms] [ERROR] Failed to load resource: net::ERR_EMPTY_RESPONSE @ http://localhost:5000/api/settings/system-status:0
[12131092ms] [ERROR] Failed to load resource: net::ERR_EMPTY_RESPONSE @ http://localhost:5000/api/settings/system-status:0
[12131096ms] [ERROR] Failed to load resource: net::ERR_EMPTY_RESPONSE @ http://localhost:5000/api/settings/system-status:0
[12131096ms] [ERROR] Failed to load resource: net::ERR_EMPTY_RESPONSE @ http://localhost:5000/api/settings/system-status:0
[12131097ms] [ERROR] Failed to load resource: net::ERR_EMPTY_RESPONSE @ http://localhost:5000/api/settings/system-status:0
[12131097ms] [ERROR] Failed to load resource: net::ERR_EMPTY_RESPONSE @ http://localhost:5000/api/settings/system-status:0
[12131097ms] [ERROR] Failed to load resource: net::ERR_EMPTY_RESPONSE @ http://localhost:5000/api/settings/system-status:0
[12131097ms] [ERROR] Failed to load resource: net::ERR_SOCKET_NOT_CONNECTED @ http://localhost:5000/api/settings/system-status:0
[12131097ms] [ERROR] Failed to load resource: net::ERR_SOCKET_NOT_CONNECTED @ http://localhost:5000/api/settings/system-status:0
[12131097ms] [ERROR] Failed to load resource: net::ERR_SOCKET_NOT_CONNECTED @ http://localhost:5000/api/settings/system-status:0
[12131098ms] [ERROR] Failed to load resource: net::ERR_SOCKET_NOT_CONNECTED @ http://localhost:5000/api/settings/system-status:0
[12131098ms] [ERROR] Failed to load resource: net::ERR_SOCKET_NOT_CONNECTED @ http://localhost:5000/api/settings/system-status:0
[12131098ms] [ERROR] Failed to load resource: net::ERR_EMPTY_RESPONSE @ http://localhost:5000/api/settings/system-status:0
[12131110ms] [ERROR] Failed to load resource: net::ERR_EMPTY_RESPONSE @ http://localhost:5000/api/settings/system-status:0
[12131110ms] [ERROR] Failed to load resource: net::ERR_EMPTY_RESPONSE @ http://localhost:5000/api/settings/system-status:0
[12131110ms] [ERROR] Failed to load resource: net::ERR_EMPTY_RESPONSE @ http://localhost:5000/api/settings/system-status:0
[12131115ms] [ERROR] Failed to load resource: net::ERR_EMPTY_RESPONSE @ http://localhost:5000/api/settings/system-status:0
[12131115ms] [ERROR] Failed to load resource: net::ERR_EMPTY_RESPONSE @ http://localhost:5000/api/settings/system-status:0
[12131115ms] [ERROR] Failed to load resource: net::ERR_EMPTY_RESPONSE @ http://localhost:5000/api/settings/system-status:0
[12131115ms] [ERROR] Failed to load resource: net::ERR_EMPTY_RESPONSE @ http://localhost:5000/api/settings/system-status:0
[12131115ms] [ERROR] Failed to load resource: net::ERR_EMPTY_RESPONSE @ http://localhost:5000/api/settings/system-status:0
[12131115ms] [ERROR] Failed to load resource: net::ERR_EMPTY_RESPONSE @ http://localhost:5000/api/settings/system-status:0
[12131115ms] [ERROR] Failed to load resource: net::ERR_EMPTY_RESPONSE @ http://localhost:5000/api/settings/system-status:0
[12131115ms] [ERROR] Failed to load resource: net::ERR_EMPTY_RESPONSE @ http://localhost:5000/api/settings/system-status:0
[12131115ms] [ERROR] Failed to load resource: net::ERR_EMPTY_RESPONSE @ http://localhost:5000/api/settings/system-status:0
[12131116ms] [ERROR] Failed to load resource: net::ERR_EMPTY_RESPONSE @ http://localhost:5000/api/settings/system-status:0
[12131116ms] [ERROR] Failed to load resource: net::ERR_EMPTY_RESPONSE @ http://localhost:5000/api/settings/system-status:0
[12131116ms] [ERROR] Failed to load resource: net::ERR_EMPTY_RESPONSE @ http://localhost:5000/api/settings/system-status:0
[12131118ms] [ERROR] Failed to load resource: net::ERR_EMPTY_RESPONSE @ http://localhost:5000/api/settings/system-status:0
[12131119ms] [ERROR] Failed to load resource: net::ERR_EMPTY_RESPONSE @ http://localhost:5000/api/settings/system-status:0
[12131119ms] [ERROR] Failed to load resource: net::ERR_EMPTY_RESPONSE @ http://localhost:5000/api/settings/system-status:0
[12131124ms] [ERROR] Failed to load resource: net::ERR_EMPTY_RESPONSE @ http://localhost:5000/api/settings/system-status:0
[12131126ms] [ERROR] Failed to load resource: net::ERR_EMPTY_RESPONSE @ http://localhost:5000/api/settings/system-status:0
[12158557ms] [ERROR] Failed to load resource: net::ERR_CONNECTION_REFUSED @ http://localhost:5000/api/settings/system-status:0
[12188549ms] [ERROR] Failed to load resource: net::ERR_CONNECTION_REFUSED @ http://localhost:5000/api/settings/system-status:0
[24404484ms] [ERROR] Failed to load resource: net::ERR_NETWORK_CHANGED @ http://localhost:5000/api/settings/system-status:0
[49137175ms] [ERROR] Failed to load resource: net::ERR_NETWORK_IO_SUSPENDED @ http://localhost:5000/api/settings/system-status:0
[57053313ms] [ERROR] Failed to load resource: net::ERR_CONNECTION_REFUSED @ http://localhost:5000/api/settings/system-status:0
[57064845ms] [ERROR] Failed to load resource: net::ERR_CONNECTION_REFUSED @ http://localhost:5000/api/settings/system-status:0
[57094829ms] [ERROR] Failed to load resource: net::ERR_CONNECTION_REFUSED @ http://localhost:5000/api/settings/system-status:0
[57124855ms] [ERROR] Failed to load resource: net::ERR_CONNECTION_REFUSED @ http://localhost:5000/api/settings/system-status:0
[57154847ms] [ERROR] Failed to load resource: net::ERR_CONNECTION_REFUSED @ http://localhost:5000/api/settings/system-status:0
[57184875ms] [ERROR] Failed to load resource: net::ERR_CONNECTION_REFUSED @ http://localhost:5000/api/settings/system-status:0
[57214850ms] [ERROR] Failed to load resource: net::ERR_CONNECTION_REFUSED @ http://localhost:5000/api/settings/system-status:0
[57244842ms] [ERROR] Failed to load resource: net::ERR_CONNECTION_REFUSED @ http://localhost:5000/api/settings/system-status:0
[57274832ms] [ERROR] Failed to load resource: net::ERR_CONNECTION_REFUSED @ http://localhost:5000/api/settings/system-status:0
[57304847ms] [ERROR] Failed to load resource: net::ERR_CONNECTION_REFUSED @ http://localhost:5000/api/settings/system-status:0
[57334835ms] [ERROR] Failed to load resource: net::ERR_CONNECTION_REFUSED @ http://localhost:5000/api/settings/system-status:0
[57364833ms] [ERROR] Failed to load resource: net::ERR_CONNECTION_REFUSED @ http://localhost:5000/api/settings/system-status:0
[57394831ms] [ERROR] Failed to load resource: net::ERR_CONNECTION_REFUSED @ http://localhost:5000/api/settings/system-status:0
[57424846ms] [ERROR] Failed to load resource: net::ERR_CONNECTION_REFUSED @ http://localhost:5000/api/settings/system-status:0
[57454859ms] [ERROR] Failed to load resource: net::ERR_CONNECTION_REFUSED @ http://localhost:5000/api/settings/system-status:0
[57484838ms] [ERROR] Failed to load resource: net::ERR_CONNECTION_REFUSED @ http://localhost:5000/api/settings/system-status:0
[57514823ms] [ERROR] Failed to load resource: net::ERR_CONNECTION_REFUSED @ http://localhost:5000/api/settings/system-status:0
[57544827ms] [ERROR] Failed to load resource: net::ERR_CONNECTION_REFUSED @ http://localhost:5000/api/settings/system-status:0
[57574825ms] [ERROR] Failed to load resource: net::ERR_CONNECTION_REFUSED @ http://localhost:5000/api/settings/system-status:0
[57604855ms] [ERROR] Failed to load resource: net::ERR_CONNECTION_REFUSED @ http://localhost:5000/api/settings/system-status:0
[58133509ms] [ERROR] Failed to load resource: net::ERR_CONNECTION_REFUSED @ http://localhost:5000/api/settings/system-status:0
[58144843ms] [ERROR] Failed to load resource: net::ERR_CONNECTION_REFUSED @ http://localhost:5000/api/settings/system-status:0
[58174836ms] [ERROR] Failed to load resource: net::ERR_CONNECTION_REFUSED @ http://localhost:5000/api/settings/system-status:0
[58204834ms] [ERROR] Failed to load resource: net::ERR_CONNECTION_REFUSED @ http://localhost:5000/api/settings/system-status:0
[58234854ms] [ERROR] Failed to load resource: net::ERR_CONNECTION_REFUSED @ http://localhost:5000/api/settings/system-status:0
[58264862ms] [ERROR] Failed to load resource: net::ERR_CONNECTION_REFUSED @ http://localhost:5000/api/settings/system-status:0
[58294852ms] [ERROR] Failed to load resource: net::ERR_CONNECTION_REFUSED @ http://localhost:5000/api/settings/system-status:0
[58324158ms] [ERROR] Failed to load resource: net::ERR_NETWORK_IO_SUSPENDED @ http://localhost:5000/api/settings/system-status:0
[58354850ms] [ERROR] Failed to load resource: net::ERR_CONNECTION_REFUSED @ http://localhost:5000/api/settings/system-status:0
[58462297ms] [ERROR] Failed to load resource: net::ERR_NETWORK_CHANGED @ http://localhost:5000/api/settings/system-status:0
[58474848ms] [ERROR] Failed to load resource: net::ERR_CONNECTION_REFUSED @ http://localhost:5000/api/settings/system-status:0
